[debug] [2026-06-01T15:10:24.043Z] ----------------------------------------------------------------------
[debug] [2026-06-01T15:10:24.045Z] Command:       C:\Program Files\nodejs\node.exe C:\Users\alice\AppData\Local\npm-cache\_npx\ba4f1959e38407b5\node_modules\firebase-tools\lib\bin\firebase.js init dataconnect --project gen-lang-client-0629166560
[debug] [2026-06-01T15:10:24.045Z] CLI Version:   15.19.0
[debug] [2026-06-01T15:10:24.045Z] Platform:      win32
[debug] [2026-06-01T15:10:24.046Z] Node Version:  v26.2.0
[debug] [2026-06-01T15:10:24.046Z] Time:          Mon Jun 01 2026 12:10:24 GMT-0300 (Horário Padrão de Brasília)
[debug] [2026-06-01T15:10:24.046Z] ----------------------------------------------------------------------
[debug] 
[debug] [2026-06-01T15:10:24.048Z] >>> [apiv2][query] GET https://firebase-public.firebaseio.com/cli.json [none]
[info] 
     ######## #### ########  ######## ########     ###     ######  ########
     ##        ##  ##     ## ##       ##     ##  ##   ##  ##       ##
     ######    ##  ########  ######   ########  #########  ######  ######
     ##        ##  ##    ##  ##       ##     ## ##     ##       ## ##
     ##       #### ##     ## ######## ########  ##     ##  ######  ########

You're about to initialize a Firebase project in this directory:

  C:\Developer\ethopipe

Before we get started, keep in mind:

  * You are currently outside your home directory

[debug] [2026-06-01T15:10:26.080Z] <<< [apiv2][status] GET https://firebase-public.firebaseio.com/cli.json 200
[debug] [2026-06-01T15:10:26.080Z] <<< [apiv2][body] GET https://firebase-public.firebaseio.com/cli.json {"cloudBuildErrorAfter":1594252800000,"cloudBuildWarnAfter":1590019200000,"defaultNode10After":1594252800000,"minVersion":"3.0.5","node8DeploysDisabledAfter":1613390400000,"node8RuntimeDisabledAfter":1615809600000,"node8WarnAfter":1600128000000}
[info] 
=== Project Setup
[info] 
[info] First, let's associate this project directory with a Firebase project.
[info] You can create multiple project aliases by running firebase use --add, 
[info] 
[debug] [2026-06-01T15:10:32.488Z] > command requires scopes: ["email","openid","https://www.googleapis.com/auth/cloudplatformprojects.readonly","https://www.googleapis.com/auth/firebase","https://www.googleapis.com/auth/cloud-platform"]
[debug] [2026-06-01T15:10:32.488Z] > authorizing via signed-in user (harley.girlu2@gmail.com)
[debug] [2026-06-01T15:10:32.489Z] Checked if tokens are valid: true, expires at: 1780329688184
[debug] [2026-06-01T15:10:32.490Z] Checked if tokens are valid: true, expires at: 1780329688184
[debug] [2026-06-01T15:10:32.490Z] >>> [apiv2][query] GET https://firebase.googleapis.com/v1beta1/projects/gen-lang-client-0629166560 [none]
[debug] [2026-06-01T15:10:32.914Z] <<< [apiv2][status] GET https://firebase.googleapis.com/v1beta1/projects/gen-lang-client-0629166560 200
[debug] [2026-06-01T15:10:32.914Z] <<< [apiv2][body] GET https://firebase.googleapis.com/v1beta1/projects/gen-lang-client-0629166560 {"projectId":"gen-lang-client-0629166560","projectNumber":"900625433645","displayName":"Evolution Project","name":"projects/gen-lang-client-0629166560","resources":{"hostingSite":"gen-lang-client-0629166560"},"state":"ACTIVE","etag":"1_f49605f4-f50e-4a03-9117-2c95d5d88ddf"}
[info] i  Using project gen-lang-client-0629166560 (Evolution Project) . 
[info] 
=== Dataconnect Setup
[info] i  dataconnect: ensuring required API firebasedataconnect.googleapis.com is enabled... 
[debug] [2026-06-01T15:10:32.931Z] Checked if tokens are valid: true, expires at: 1780329688184
[debug] [2026-06-01T15:10:32.931Z] Checked if tokens are valid: true, expires at: 1780329688184
[info] i  dataconnect: ensuring required API sqladmin.googleapis.com is enabled... 
[debug] [2026-06-01T15:10:32.932Z] Checked if tokens are valid: true, expires at: 1780329688184
[debug] [2026-06-01T15:10:32.932Z] Checked if tokens are valid: true, expires at: 1780329688184
[debug] [2026-06-01T15:10:32.932Z] >>> [apiv2][query] GET https://serviceusage.googleapis.com/v1/projects/gen-lang-client-0629166560/services/firebasedataconnect.googleapis.com [none]
[debug] [2026-06-01T15:10:32.932Z] >>> [apiv2][(partial)header] GET https://serviceusage.googleapis.com/v1/projects/gen-lang-client-0629166560/services/firebasedataconnect.googleapis.com  x-goog-user-project=gen-lang-client-0629166560
[debug] [2026-06-01T15:10:32.933Z] >>> [apiv2][query] GET https://serviceusage.googleapis.com/v1/projects/gen-lang-client-0629166560/services/sqladmin.googleapis.com [none]
[debug] [2026-06-01T15:10:32.933Z] >>> [apiv2][(partial)header] GET https://serviceusage.googleapis.com/v1/projects/gen-lang-client-0629166560/services/sqladmin.googleapis.com  x-goog-user-project=gen-lang-client-0629166560
[debug] [2026-06-01T15:10:34.011Z] <<< [apiv2][status] GET https://serviceusage.googleapis.com/v1/projects/gen-lang-client-0629166560/services/sqladmin.googleapis.com 200
[debug] [2026-06-01T15:10:34.012Z] <<< [apiv2][body] GET https://serviceusage.googleapis.com/v1/projects/gen-lang-client-0629166560/services/sqladmin.googleapis.com [omitted]
[info] +  dataconnect: required API sqladmin.googleapis.com is enabled 
[debug] [2026-06-01T15:10:34.052Z] <<< [apiv2][status] GET https://serviceusage.googleapis.com/v1/projects/gen-lang-client-0629166560/services/firebasedataconnect.googleapis.com 200
[debug] [2026-06-01T15:10:34.053Z] <<< [apiv2][body] GET https://serviceusage.googleapis.com/v1/projects/gen-lang-client-0629166560/services/firebasedataconnect.googleapis.com [omitted]
[warn] !  dataconnect: missing required API firebasedataconnect.googleapis.com. Enabling now... 
[debug] [2026-06-01T15:10:34.053Z] Checked if tokens are valid: true, expires at: 1780329688184
[debug] [2026-06-01T15:10:34.053Z] Checked if tokens are valid: true, expires at: 1780329688184
[debug] [2026-06-01T15:10:34.054Z] >>> [apiv2][query] POST https://serviceusage.googleapis.com/v1/projects/gen-lang-client-0629166560/services/firebasedataconnect.googleapis.com:enable [none]
[debug] [2026-06-01T15:10:34.054Z] >>> [apiv2][(partial)header] POST https://serviceusage.googleapis.com/v1/projects/gen-lang-client-0629166560/services/firebasedataconnect.googleapis.com:enable  x-goog-user-project=gen-lang-client-0629166560
[debug] [2026-06-01T15:10:35.457Z] <<< [apiv2][status] POST https://serviceusage.googleapis.com/v1/projects/gen-lang-client-0629166560/services/firebasedataconnect.googleapis.com:enable 200
[debug] [2026-06-01T15:10:35.457Z] <<< [apiv2][body] POST https://serviceusage.googleapis.com/v1/projects/gen-lang-client-0629166560/services/firebasedataconnect.googleapis.com:enable [omitted]
[debug] [2026-06-01T15:10:45.467Z] Checked if tokens are valid: true, expires at: 1780329688184
[debug] [2026-06-01T15:10:45.467Z] Checked if tokens are valid: true, expires at: 1780329688184
[debug] [2026-06-01T15:10:45.467Z] >>> [apiv2][query] GET https://firebasedataconnect.googleapis.com/v1/projects/gen-lang-client-0629166560/locations/-/services [none]
[debug] [2026-06-01T15:10:46.772Z] <<< [apiv2][status] GET https://firebasedataconnect.googleapis.com/v1/projects/gen-lang-client-0629166560/locations/-/services 200
[debug] [2026-06-01T15:10:46.772Z] <<< [apiv2][body] GET https://firebasedataconnect.googleapis.com/v1/projects/gen-lang-client-0629166560/locations/-/services {}
[info] i  : ensuring required API cloudaicompanion.googleapis.com is enabled... 
[debug] [2026-06-01T15:10:52.373Z] Checked if tokens are valid: true, expires at: 1780329688184
[debug] [2026-06-01T15:10:52.373Z] Checked if tokens are valid: true, expires at: 1780329688184
[debug] [2026-06-01T15:10:52.373Z] >>> [apiv2][query] GET https://serviceusage.googleapis.com/v1/projects/gen-lang-client-0629166560/services/cloudaicompanion.googleapis.com [none]
[debug] [2026-06-01T15:10:52.373Z] >>> [apiv2][(partial)header] GET https://serviceusage.googleapis.com/v1/projects/gen-lang-client-0629166560/services/cloudaicompanion.googleapis.com  x-goog-user-project=gen-lang-client-0629166560
[debug] [2026-06-01T15:10:53.441Z] <<< [apiv2][status] GET https://serviceusage.googleapis.com/v1/projects/gen-lang-client-0629166560/services/cloudaicompanion.googleapis.com 200
[debug] [2026-06-01T15:10:53.441Z] <<< [apiv2][body] GET https://serviceusage.googleapis.com/v1/projects/gen-lang-client-0629166560/services/cloudaicompanion.googleapis.com [omitted]
[info] +  : required API cloudaicompanion.googleapis.com is enabled 
