[debug] [2026-06-01T15:13:49.838Z] [Firebase Plugin] Activating Firebase extension.
[debug] [2026-06-01T15:13:51.869Z] [Firebase Plugin] requireAuthWrapper
[debug] [2026-06-01T15:13:51.871Z] > command requires scopes: ["email","openid","https://www.googleapis.com/auth/cloudplatformprojects.readonly","https://www.googleapis.com/auth/firebase","https://www.googleapis.com/auth/cloud-platform"]
[debug] [2026-06-01T15:13:51.871Z] > authorizing via signed-in user (harley.girlu2@gmail.com)
[debug] [2026-06-01T15:13:51.875Z] Checked if tokens are valid: true, expires at: 1780329688184
[debug] [2026-06-01T15:13:51.875Z] Checked if tokens are valid: true, expires at: 1780329688184
[debug] [2026-06-01T15:13:51.875Z] [Firebase Plugin] User found:  harley.girlu2@gmail.com
[info] [Firebase Plugin] (Core:Project) New user detected, fetching projects
[debug] [2026-06-01T15:13:51.877Z] Checked if tokens are valid: true, expires at: 1780329688184
[debug] [2026-06-01T15:13:51.879Z] >>> [apiv2][query] GET https://firebase.googleapis.com/v1beta1/projects pageSize=1000
[info] [Firebase Plugin] Starting SQL Connect toolkit (version 3.4.9) on port 50001
[debug] [2026-06-01T15:13:52.373Z] I0601 12:13:52.352333    3356 control.go:100] [projects/emulator/locations/emulator/services/ethopipe 7137] UpdateResources(): done
Main schema: sources: schema\schema.gql [1992B] 
Connector "example": sources: example\mutations.gql [1243B] example\queries.gql [1801B] 
 {"metadata":{"emulator":{"name":"dataconnect"},"message":"I0601 12:13:52.352333    3356 control.go:100] [projects/emulator/locations/emulator/services/ethopipe 7137] UpdateResources(): done\nMain schema: sources: schema\\schema.gql [1992B] \nConnector \"example\": sources: example\\mutations.gql [1243B] example\\queries.gql [1801B] \n"}}
[debug] [2026-06-01T15:13:52.375Z] Ignoring unsupported arg: auto_download {"metadata":{"emulator":{"name":"dataconnect"},"message":"Ignoring unsupported arg: auto_download"}}
[debug] [2026-06-01T15:13:52.375Z] Ignoring unsupported arg: port {"metadata":{"emulator":{"name":"dataconnect"},"message":"Ignoring unsupported arg: port"}}
[debug] [2026-06-01T15:13:52.375Z] Starting SQL Connect Emulator with command {"binary":"C:\\Users\\alice\\.cache\\firebase\\emulators\\dataconnect-emulator-3.4.9.exe","args":["--logtostderr","-v=2","dev","--listen=localhost:50001","--config_dir=c:\\Developer\\ethopipe\\dataconnect","--enable_output_schema_extensions=true","--enable_output_generated_sdk=true"],"optionalArgs":["listen","config_dir","enable_output_schema_extensions","enable_output_generated_sdk"],"joinArgs":true,"shell":false,"port":9399} {"metadata":{"emulator":{"name":"dataconnect"},"message":"Starting SQL Connect Emulator with command {\"binary\":\"C:\\\\Users\\\\alice\\\\.cache\\\\firebase\\\\emulators\\\\dataconnect-emulator-3.4.9.exe\",\"args\":[\"--logtostderr\",\"-v=2\",\"dev\",\"--listen=localhost:50001\",\"--config_dir=c:\\\\Developer\\\\ethopipe\\\\dataconnect\",\"--enable_output_schema_extensions=true\",\"--enable_output_generated_sdk=true\"],\"optionalArgs\":[\"listen\",\"config_dir\",\"enable_output_schema_extensions\",\"enable_output_generated_sdk\"],\"joinArgs\":true,\"shell\":false,\"port\":9399}"}}
[info] i  dataconnect: SQL Connect Emulator logging to dataconnect-debug.log {"metadata":{"emulator":{"name":"dataconnect"},"message":"SQL Connect Emulator logging to \u001b[1mdataconnect-debug.log\u001b[22m"}}
[debug] [2026-06-01T15:13:52.486Z] I0601 12:13:52.438306   64088 load.go:31] Reloading schema and connectors...
I0601 12:13:52.475591   64088 control.go:100] [projects/emulator/locations/emulator/services/ethopipe e904] UpdateResources(): done
Main schema: sources: schema\schema.gql [1992B] 
Connector "example": sources: example\mutations.gql [1243B] example\queries.gql [1801B] 
 {"metadata":{"emulator":{"name":"dataconnect"},"message":"I0601 12:13:52.438306   64088 load.go:31] Reloading schema and connectors...\nI0601 12:13:52.475591   64088 control.go:100] [projects/emulator/locations/emulator/services/ethopipe e904] UpdateResources(): done\nMain schema: sources: schema\\schema.gql [1992B] \nConnector \"example\": sources: example\\mutations.gql [1243B] example\\queries.gql [1801B] \n"}}
[debug] [2026-06-01T15:13:52.581Z] I0601 12:13:52.557327   64088 collector.go:107] schema extensions wrote into "c:\\Developer\\ethopipe\\dataconnect\\.dataconnect\\schema"
Generated sources: main\implicit.gql [1261B] main\input.gql [29168B] main\relation.gql [14318B] main\query.gql [5099B] main\mutation.gql [13679B] prelude.gql [84995B] 
I0601 12:13:52.557327   64088 load.go:109] Finished reloading
 {"metadata":{"emulator":{"name":"dataconnect"},"message":"I0601 12:13:52.557327   64088 collector.go:107] schema extensions wrote into \"c:\\\\Developer\\\\ethopipe\\\\dataconnect\\\\.dataconnect\\\\schema\"\nGenerated sources: main\\implicit.gql [1261B] main\\input.gql [29168B] main\\relation.gql [14318B] main\\query.gql [5099B] main\\mutation.gql [13679B] prelude.gql [84995B] \nI0601 12:13:52.557327   64088 load.go:109] Finished reloading\n"}}
[debug] [2026-06-01T15:13:52.601Z] I0601 12:13:52.583908   64088 dev.go:104] Listening on address (HTTP + gRPC): 127.0.0.1:50001
 {"metadata":{"emulator":{"name":"dataconnect"},"message":"I0601 12:13:52.583908   64088 dev.go:104] Listening on address (HTTP + gRPC): 127.0.0.1:50001\n"}}
[debug] [2026-06-01T15:13:53.278Z] I0601 12:13:53.137361   64088 engine.go:209] [projects/emulator/locations/emulator/services/ethopipe e904] ExecuteGraphqlRead query IntrospectionQuery: succeeded. 
 {"metadata":{"emulator":{"name":"dataconnect"},"message":"I0601 12:13:53.137361   64088 engine.go:209] [projects/emulator/locations/emulator/services/ethopipe e904] ExecuteGraphqlRead query IntrospectionQuery: succeeded. \n"}}
[debug] [2026-06-01T15:13:53.487Z] <<< [apiv2][status] GET https://firebase.googleapis.com/v1beta1/projects 200
[debug] [2026-06-01T15:13:53.488Z] <<< [apiv2][body] GET https://firebase.googleapis.com/v1beta1/projects [omitted]
[info] [Firebase Plugin] Stopping SQL Connect toolkit
[warn] !  SQL Connect Emulator has exited upon receiving signal: SIGINT 
[debug] [2026-06-01T15:15:23.228Z] [Firebase Plugin] Activating Firebase extension.
[debug] [2026-06-01T15:15:25.387Z] [Firebase Plugin] requireAuthWrapper
[debug] [2026-06-01T15:15:25.390Z] > command requires scopes: ["email","openid","https://www.googleapis.com/auth/cloudplatformprojects.readonly","https://www.googleapis.com/auth/firebase","https://www.googleapis.com/auth/cloud-platform"]
[debug] [2026-06-01T15:15:25.391Z] > authorizing via signed-in user (harley.girlu2@gmail.com)
[debug] [2026-06-01T15:15:25.395Z] Checked if tokens are valid: true, expires at: 1780329688184
[debug] [2026-06-01T15:15:25.396Z] Checked if tokens are valid: true, expires at: 1780329688184
[debug] [2026-06-01T15:15:25.396Z] [Firebase Plugin] User found:  harley.girlu2@gmail.com
[info] [Firebase Plugin] (Core:Project) New user detected, fetching projects
[debug] [2026-06-01T15:15:25.399Z] Checked if tokens are valid: true, expires at: 1780329688184
[debug] [2026-06-01T15:15:25.401Z] >>> [apiv2][query] GET https://firebase.googleapis.com/v1beta1/projects pageSize=1000
[info] [Firebase Plugin] Starting SQL Connect toolkit (version 3.4.9) on port 50001
[debug] [2026-06-01T15:15:26.123Z] I0601 12:15:26.103957   43364 control.go:100] [projects/emulator/locations/emulator/services/ethopipe 6ff4] UpdateResources(): done
Main schema: sources: schema\schema.gql [1992B] 
Connector "example": sources: example\mutations.gql [1243B] example\queries.gql [1801B] 
 {"metadata":{"emulator":{"name":"dataconnect"},"message":"I0601 12:15:26.103957   43364 control.go:100] [projects/emulator/locations/emulator/services/ethopipe 6ff4] UpdateResources(): done\nMain schema: sources: schema\\schema.gql [1992B] \nConnector \"example\": sources: example\\mutations.gql [1243B] example\\queries.gql [1801B] \n"}}
[debug] [2026-06-01T15:15:26.124Z] Ignoring unsupported arg: auto_download {"metadata":{"emulator":{"name":"dataconnect"},"message":"Ignoring unsupported arg: auto_download"}}
[debug] [2026-06-01T15:15:26.124Z] Ignoring unsupported arg: port {"metadata":{"emulator":{"name":"dataconnect"},"message":"Ignoring unsupported arg: port"}}
[debug] [2026-06-01T15:15:26.125Z] Starting SQL Connect Emulator with command {"binary":"C:\\Users\\alice\\.cache\\firebase\\emulators\\dataconnect-emulator-3.4.9.exe","args":["--logtostderr","-v=2","dev","--listen=localhost:50001","--config_dir=c:\\Developer\\ethopipe\\dataconnect","--enable_output_schema_extensions=true","--enable_output_generated_sdk=true"],"optionalArgs":["listen","config_dir","enable_output_schema_extensions","enable_output_generated_sdk"],"joinArgs":true,"shell":false,"port":9399} {"metadata":{"emulator":{"name":"dataconnect"},"message":"Starting SQL Connect Emulator with command {\"binary\":\"C:\\\\Users\\\\alice\\\\.cache\\\\firebase\\\\emulators\\\\dataconnect-emulator-3.4.9.exe\",\"args\":[\"--logtostderr\",\"-v=2\",\"dev\",\"--listen=localhost:50001\",\"--config_dir=c:\\\\Developer\\\\ethopipe\\\\dataconnect\",\"--enable_output_schema_extensions=true\",\"--enable_output_generated_sdk=true\"],\"optionalArgs\":[\"listen\",\"config_dir\",\"enable_output_schema_extensions\",\"enable_output_generated_sdk\"],\"joinArgs\":true,\"shell\":false,\"port\":9399}"}}
[info] i  dataconnect: SQL Connect Emulator logging to dataconnect-debug.log {"metadata":{"emulator":{"name":"dataconnect"},"message":"SQL Connect Emulator logging to \u001b[1mdataconnect-debug.log\u001b[22m"}}
[debug] [2026-06-01T15:15:26.597Z] I0601 12:15:26.310464   27136 load.go:31] Reloading schema and connectors...
I0601 12:15:26.346571   27136 control.go:100] [projects/emulator/locations/emulator/services/ethopipe eaff] UpdateResources(): done
Main schema: sources: schema\schema.gql [1992B] 
Connector "example": sources: example\mutations.gql [1243B] example\queries.gql [1801B] 
I0601 12:15:26.372167   27136 collector.go:107] schema extensions wrote into "c:\\Developer\\ethopipe\\dataconnect\\.dataconnect\\schema"
Generated sources: main\mutation.gql [13679B] main\implicit.gql [1261B] prelude.gql [84995B] main\input.gql [29168B] main\relation.gql [14318B] main\query.gql [5099B] 
I0601 12:15:26.372167   27136 load.go:109] Finished reloading
I0601 12:15:26.398756   27136 dev.go:104] Listening on address (HTTP + gRPC): 127.0.0.1:50001
 {"metadata":{"emulator":{"name":"dataconnect"},"message":"I0601 12:15:26.310464   27136 load.go:31] Reloading schema and connectors...\nI0601 12:15:26.346571   27136 control.go:100] [projects/emulator/locations/emulator/services/ethopipe eaff] UpdateResources(): done\nMain schema: sources: schema\\schema.gql [1992B] \nConnector \"example\": sources: example\\mutations.gql [1243B] example\\queries.gql [1801B] \nI0601 12:15:26.372167   27136 collector.go:107] schema extensions wrote into \"c:\\\\Developer\\\\ethopipe\\\\dataconnect\\\\.dataconnect\\\\schema\"\nGenerated sources: main\\mutation.gql [13679B] main\\implicit.gql [1261B] prelude.gql [84995B] main\\input.gql [29168B] main\\relation.gql [14318B] main\\query.gql [5099B] \nI0601 12:15:26.372167   27136 load.go:109] Finished reloading\nI0601 12:15:26.398756   27136 dev.go:104] Listening on address (HTTP + gRPC): 127.0.0.1:50001\n"}}
[debug] [2026-06-01T15:15:26.687Z] <<< [apiv2][status] GET https://firebase.googleapis.com/v1beta1/projects 200
[debug] [2026-06-01T15:15:26.687Z] <<< [apiv2][body] GET https://firebase.googleapis.com/v1beta1/projects [omitted]
[debug] [2026-06-01T15:15:27.071Z] I0601 12:15:27.070791   27136 engine.go:209] [projects/emulator/locations/emulator/services/ethopipe eaff] ExecuteGraphqlRead query IntrospectionQuery: succeeded. 
 {"metadata":{"emulator":{"name":"dataconnect"},"message":"I0601 12:15:27.070791   27136 engine.go:209] [projects/emulator/locations/emulator/services/ethopipe eaff] ExecuteGraphqlRead query IntrospectionQuery: succeeded. \n"}}
[info] [Firebase Plugin] Stopping SQL Connect toolkit
[warn] !  SQL Connect Emulator has exited upon receiving signal: SIGINT 
[debug] [2026-06-01T15:24:41.176Z] [Firebase Plugin] Activating Firebase extension.
[debug] [2026-06-01T15:24:42.789Z] [Firebase Plugin] requireAuthWrapper
[debug] [2026-06-01T15:24:42.792Z] > command requires scopes: ["email","openid","https://www.googleapis.com/auth/cloudplatformprojects.readonly","https://www.googleapis.com/auth/firebase","https://www.googleapis.com/auth/cloud-platform"]
[debug] [2026-06-01T15:24:42.792Z] > authorizing via signed-in user (harley.girlu2@gmail.com)
[debug] [2026-06-01T15:24:42.796Z] Checked if tokens are valid: true, expires at: 1780329688184
[debug] [2026-06-01T15:24:42.797Z] Checked if tokens are valid: true, expires at: 1780329688184
[debug] [2026-06-01T15:24:42.797Z] [Firebase Plugin] User found:  harley.girlu2@gmail.com
[info] [Firebase Plugin] (Core:Project) New user detected, fetching projects
[debug] [2026-06-01T15:24:42.799Z] Checked if tokens are valid: true, expires at: 1780329688184
[debug] [2026-06-01T15:24:42.800Z] >>> [apiv2][query] GET https://firebase.googleapis.com/v1beta1/projects pageSize=1000
[info] [Firebase Plugin] Starting SQL Connect toolkit (version 3.4.9) on port 50001
[debug] [2026-06-01T15:24:43.386Z] I0601 12:24:43.367086   54936 control.go:100] [projects/emulator/locations/emulator/services/ethopipe 37fe] UpdateResources(): done
Main schema: sources: schema\schema.gql [1992B] 
Connector "example": sources: example\mutations.gql [1243B] example\queries.gql [1801B] 
 {"metadata":{"emulator":{"name":"dataconnect"},"message":"I0601 12:24:43.367086   54936 control.go:100] [projects/emulator/locations/emulator/services/ethopipe 37fe] UpdateResources(): done\nMain schema: sources: schema\\schema.gql [1992B] \nConnector \"example\": sources: example\\mutations.gql [1243B] example\\queries.gql [1801B] \n"}}
[debug] [2026-06-01T15:24:43.388Z] Ignoring unsupported arg: auto_download {"metadata":{"emulator":{"name":"dataconnect"},"message":"Ignoring unsupported arg: auto_download"}}
[debug] [2026-06-01T15:24:43.388Z] Ignoring unsupported arg: port {"metadata":{"emulator":{"name":"dataconnect"},"message":"Ignoring unsupported arg: port"}}
[debug] [2026-06-01T15:24:43.388Z] Starting SQL Connect Emulator with command {"binary":"C:\\Users\\alice\\.cache\\firebase\\emulators\\dataconnect-emulator-3.4.9.exe","args":["--logtostderr","-v=2","dev","--listen=localhost:50001","--config_dir=c:\\Developer\\ethopipe\\dataconnect","--enable_output_schema_extensions=true","--enable_output_generated_sdk=true"],"optionalArgs":["listen","config_dir","enable_output_schema_extensions","enable_output_generated_sdk"],"joinArgs":true,"shell":false,"port":9399} {"metadata":{"emulator":{"name":"dataconnect"},"message":"Starting SQL Connect Emulator with command {\"binary\":\"C:\\\\Users\\\\alice\\\\.cache\\\\firebase\\\\emulators\\\\dataconnect-emulator-3.4.9.exe\",\"args\":[\"--logtostderr\",\"-v=2\",\"dev\",\"--listen=localhost:50001\",\"--config_dir=c:\\\\Developer\\\\ethopipe\\\\dataconnect\",\"--enable_output_schema_extensions=true\",\"--enable_output_generated_sdk=true\"],\"optionalArgs\":[\"listen\",\"config_dir\",\"enable_output_schema_extensions\",\"enable_output_generated_sdk\"],\"joinArgs\":true,\"shell\":false,\"port\":9399}"}}
[info] i  dataconnect: SQL Connect Emulator logging to dataconnect-debug.log {"metadata":{"emulator":{"name":"dataconnect"},"message":"SQL Connect Emulator logging to \u001b[1mdataconnect-debug.log\u001b[22m"}}
[debug] [2026-06-01T15:24:43.480Z] I0601 12:24:43.476348   65080 load.go:31] Reloading schema and connectors...
 {"metadata":{"emulator":{"name":"dataconnect"},"message":"I0601 12:24:43.476348   65080 load.go:31] Reloading schema and connectors...\n"}}
[debug] [2026-06-01T15:24:43.522Z] I0601 12:24:43.520544   65080 control.go:100] [projects/emulator/locations/emulator/services/ethopipe 91b4] UpdateResources(): done
Main schema: sources: schema\schema.gql [1992B] 
Connector "example": sources: example\mutations.gql [1243B] example\queries.gql [1801B] 
 {"metadata":{"emulator":{"name":"dataconnect"},"message":"I0601 12:24:43.520544   65080 control.go:100] [projects/emulator/locations/emulator/services/ethopipe 91b4] UpdateResources(): done\nMain schema: sources: schema\\schema.gql [1992B] \nConnector \"example\": sources: example\\mutations.gql [1243B] example\\queries.gql [1801B] \n"}}
[debug] [2026-06-01T15:24:43.562Z] I0601 12:24:43.546600   65080 collector.go:107] schema extensions wrote into "c:\\Developer\\ethopipe\\dataconnect\\.dataconnect\\schema"
Generated sources: main\implicit.gql [1261B] main\input.gql [29168B] main\relation.gql [14318B] prelude.gql [84995B] main\query.gql [5099B] main\mutation.gql [13679B] 
I0601 12:24:43.546600   65080 load.go:109] Finished reloading
 {"metadata":{"emulator":{"name":"dataconnect"},"message":"I0601 12:24:43.546600   65080 collector.go:107] schema extensions wrote into \"c:\\\\Developer\\\\ethopipe\\\\dataconnect\\\\.dataconnect\\\\schema\"\nGenerated sources: main\\implicit.gql [1261B] main\\input.gql [29168B] main\\relation.gql [14318B] prelude.gql [84995B] main\\query.gql [5099B] main\\mutation.gql [13679B] \nI0601 12:24:43.546600   65080 load.go:109] Finished reloading\n"}}
[debug] [2026-06-01T15:24:43.590Z] I0601 12:24:43.590315   65080 dev.go:104] Listening on address (HTTP + gRPC): 127.0.0.1:50001
 {"metadata":{"emulator":{"name":"dataconnect"},"message":"I0601 12:24:43.590315   65080 dev.go:104] Listening on address (HTTP + gRPC): 127.0.0.1:50001\n"}}
[debug] [2026-06-01T15:24:44.001Z] <<< [apiv2][status] GET https://firebase.googleapis.com/v1beta1/projects 200
[debug] [2026-06-01T15:24:44.001Z] <<< [apiv2][body] GET https://firebase.googleapis.com/v1beta1/projects [omitted]
[debug] [2026-06-01T15:24:44.150Z] I0601 12:24:44.150549   65080 engine.go:209] [projects/emulator/locations/emulator/services/ethopipe 91b4] ExecuteGraphqlRead query IntrospectionQuery: succeeded. 
 {"metadata":{"emulator":{"name":"dataconnect"},"message":"I0601 12:24:44.150549   65080 engine.go:209] [projects/emulator/locations/emulator/services/ethopipe 91b4] ExecuteGraphqlRead query IntrospectionQuery: succeeded. \n"}}
[info] [Firebase Plugin] Stopping SQL Connect toolkit
[warn] !  SQL Connect Emulator has exited upon receiving signal: SIGINT 
[debug] [2026-06-01T15:25:51.706Z] [Firebase Plugin] Activating Firebase extension.
[debug] [2026-06-01T15:25:53.220Z] [Firebase Plugin] requireAuthWrapper
[debug] [2026-06-01T15:25:53.223Z] > command requires scopes: ["email","openid","https://www.googleapis.com/auth/cloudplatformprojects.readonly","https://www.googleapis.com/auth/firebase","https://www.googleapis.com/auth/cloud-platform"]
[debug] [2026-06-01T15:25:53.224Z] > authorizing via signed-in user (harley.girlu2@gmail.com)
[debug] [2026-06-01T15:25:53.228Z] Checked if tokens are valid: true, expires at: 1780329688184
[debug] [2026-06-01T15:25:53.229Z] Checked if tokens are valid: true, expires at: 1780329688184
[debug] [2026-06-01T15:25:53.230Z] [Firebase Plugin] User found:  harley.girlu2@gmail.com
[info] [Firebase Plugin] (Core:Project) New user detected, fetching projects
[debug] [2026-06-01T15:25:53.232Z] Checked if tokens are valid: true, expires at: 1780329688184
[debug] [2026-06-01T15:25:53.234Z] >>> [apiv2][query] GET https://firebase.googleapis.com/v1beta1/projects pageSize=1000
[info] [Firebase Plugin] Starting SQL Connect toolkit (version 3.4.9) on port 50001
[debug] [2026-06-01T15:25:53.907Z] I0601 12:25:53.891557   46616 control.go:100] [projects/emulator/locations/emulator/services/ethopipe f64e] UpdateResources(): done
Main schema: sources: schema\schema.gql [1992B] 
Connector "example": sources: example\mutations.gql [1243B] example\queries.gql [1801B] 
 {"metadata":{"emulator":{"name":"dataconnect"},"message":"I0601 12:25:53.891557   46616 control.go:100] [projects/emulator/locations/emulator/services/ethopipe f64e] UpdateResources(): done\nMain schema: sources: schema\\schema.gql [1992B] \nConnector \"example\": sources: example\\mutations.gql [1243B] example\\queries.gql [1801B] \n"}}
[debug] [2026-06-01T15:25:53.908Z] Ignoring unsupported arg: auto_download {"metadata":{"emulator":{"name":"dataconnect"},"message":"Ignoring unsupported arg: auto_download"}}
[debug] [2026-06-01T15:25:53.908Z] Ignoring unsupported arg: port {"metadata":{"emulator":{"name":"dataconnect"},"message":"Ignoring unsupported arg: port"}}
[debug] [2026-06-01T15:25:53.908Z] Starting SQL Connect Emulator with command {"binary":"C:\\Users\\alice\\.cache\\firebase\\emulators\\dataconnect-emulator-3.4.9.exe","args":["--logtostderr","-v=2","dev","--listen=localhost:50001","--config_dir=c:\\Developer\\ethopipe\\dataconnect","--enable_output_schema_extensions=true","--enable_output_generated_sdk=true"],"optionalArgs":["listen","config_dir","enable_output_schema_extensions","enable_output_generated_sdk"],"joinArgs":true,"shell":false,"port":9399} {"metadata":{"emulator":{"name":"dataconnect"},"message":"Starting SQL Connect Emulator with command {\"binary\":\"C:\\\\Users\\\\alice\\\\.cache\\\\firebase\\\\emulators\\\\dataconnect-emulator-3.4.9.exe\",\"args\":[\"--logtostderr\",\"-v=2\",\"dev\",\"--listen=localhost:50001\",\"--config_dir=c:\\\\Developer\\\\ethopipe\\\\dataconnect\",\"--enable_output_schema_extensions=true\",\"--enable_output_generated_sdk=true\"],\"optionalArgs\":[\"listen\",\"config_dir\",\"enable_output_schema_extensions\",\"enable_output_generated_sdk\"],\"joinArgs\":true,\"shell\":false,\"port\":9399}"}}
[info] i  dataconnect: SQL Connect Emulator logging to dataconnect-debug.log {"metadata":{"emulator":{"name":"dataconnect"},"message":"SQL Connect Emulator logging to \u001b[1mdataconnect-debug.log\u001b[22m"}}
[debug] [2026-06-01T15:25:53.968Z] I0601 12:25:53.959556   25536 load.go:31] Reloading schema and connectors...
 {"metadata":{"emulator":{"name":"dataconnect"},"message":"I0601 12:25:53.959556   25536 load.go:31] Reloading schema and connectors...\n"}}
[debug] [2026-06-01T15:25:54.026Z] I0601 12:25:53.993688   25536 control.go:100] [projects/emulator/locations/emulator/services/ethopipe 52bb] UpdateResources(): done
Main schema: sources: schema\schema.gql [1992B] 
Connector "example": sources: example\queries.gql [1801B] example\mutations.gql [1243B] 
I0601 12:25:54.015719   25536 collector.go:107] schema extensions wrote into "c:\\Developer\\ethopipe\\dataconnect\\.dataconnect\\schema"
Generated sources: main\query.gql [5099B] main\mutation.gql [13679B] main\implicit.gql [1261B] prelude.gql [84995B] main\input.gql [29168B] main\relation.gql [14318B] 
I0601 12:25:54.016233   25536 load.go:109] Finished reloading
 {"metadata":{"emulator":{"name":"dataconnect"},"message":"I0601 12:25:53.993688   25536 control.go:100] [projects/emulator/locations/emulator/services/ethopipe 52bb] UpdateResources(): done\nMain schema: sources: schema\\schema.gql [1992B] \nConnector \"example\": sources: example\\queries.gql [1801B] example\\mutations.gql [1243B] \nI0601 12:25:54.015719   25536 collector.go:107] schema extensions wrote into \"c:\\\\Developer\\\\ethopipe\\\\dataconnect\\\\.dataconnect\\\\schema\"\nGenerated sources: main\\query.gql [5099B] main\\mutation.gql [13679B] main\\implicit.gql [1261B] prelude.gql [84995B] main\\input.gql [29168B] main\\relation.gql [14318B] \nI0601 12:25:54.016233   25536 load.go:109] Finished reloading\n"}}
[debug] [2026-06-01T15:25:54.060Z] I0601 12:25:54.048310   25536 dev.go:104] Listening on address (HTTP + gRPC): 127.0.0.1:50001
 {"metadata":{"emulator":{"name":"dataconnect"},"message":"I0601 12:25:54.048310   25536 dev.go:104] Listening on address (HTTP + gRPC): 127.0.0.1:50001\n"}}
[debug] [2026-06-01T15:25:54.538Z] <<< [apiv2][status] GET https://firebase.googleapis.com/v1beta1/projects 200
[debug] [2026-06-01T15:25:54.539Z] <<< [apiv2][body] GET https://firebase.googleapis.com/v1beta1/projects [omitted]
[debug] [2026-06-01T15:25:54.653Z] I0601 12:25:54.653332   25536 engine.go:209] [projects/emulator/locations/emulator/services/ethopipe 52bb] ExecuteGraphqlRead query IntrospectionQuery: succeeded. 
 {"metadata":{"emulator":{"name":"dataconnect"},"message":"I0601 12:25:54.653332   25536 engine.go:209] [projects/emulator/locations/emulator/services/ethopipe 52bb] ExecuteGraphqlRead query IntrospectionQuery: succeeded. \n"}}
[info] [Firebase Plugin] Stopping SQL Connect toolkit
[warn] !  SQL Connect Emulator has exited upon receiving signal: SIGINT 
[debug] [2026-06-01T15:28:24.568Z] [Firebase Plugin] Activating Firebase extension.
[debug] [2026-06-01T15:28:26.235Z] [Firebase Plugin] requireAuthWrapper
[debug] [2026-06-01T15:28:26.237Z] > command requires scopes: ["email","openid","https://www.googleapis.com/auth/cloudplatformprojects.readonly","https://www.googleapis.com/auth/firebase","https://www.googleapis.com/auth/cloud-platform"]
[debug] [2026-06-01T15:28:26.238Z] > authorizing via signed-in user (harley.girlu2@gmail.com)
[debug] [2026-06-01T15:28:26.241Z] Checked if tokens are valid: true, expires at: 1780329688184
[debug] [2026-06-01T15:28:26.242Z] Checked if tokens are valid: true, expires at: 1780329688184
[debug] [2026-06-01T15:28:26.242Z] [Firebase Plugin] User found:  harley.girlu2@gmail.com
[info] [Firebase Plugin] (Core:Project) New user detected, fetching projects
[debug] [2026-06-01T15:28:26.244Z] Checked if tokens are valid: true, expires at: 1780329688184
[debug] [2026-06-01T15:28:26.246Z] >>> [apiv2][query] GET https://firebase.googleapis.com/v1beta1/projects pageSize=1000
[info] [Firebase Plugin] Starting SQL Connect toolkit (version 3.4.9) on port 50001
[debug] [2026-06-01T15:28:27.026Z] I0601 12:28:26.979264   63760 control.go:100] [projects/emulator/locations/emulator/services/ethopipe 6fa0] UpdateResources(): done
Main schema: sources: schema\schema.gql [1992B] 
Connector "example": sources: example\mutations.gql [1243B] example\queries.gql [1801B] 
 {"metadata":{"emulator":{"name":"dataconnect"},"message":"I0601 12:28:26.979264   63760 control.go:100] [projects/emulator/locations/emulator/services/ethopipe 6fa0] UpdateResources(): done\nMain schema: sources: schema\\schema.gql [1992B] \nConnector \"example\": sources: example\\mutations.gql [1243B] example\\queries.gql [1801B] \n"}}
[debug] [2026-06-01T15:28:27.028Z] Ignoring unsupported arg: auto_download {"metadata":{"emulator":{"name":"dataconnect"},"message":"Ignoring unsupported arg: auto_download"}}
[debug] [2026-06-01T15:28:27.028Z] Ignoring unsupported arg: port {"metadata":{"emulator":{"name":"dataconnect"},"message":"Ignoring unsupported arg: port"}}
[debug] [2026-06-01T15:28:27.028Z] Starting SQL Connect Emulator with command {"binary":"C:\\Users\\alice\\.cache\\firebase\\emulators\\dataconnect-emulator-3.4.9.exe","args":["--logtostderr","-v=2","dev","--listen=localhost:50001","--config_dir=c:\\Developer\\ethopipe\\dataconnect","--enable_output_schema_extensions=true","--enable_output_generated_sdk=true"],"optionalArgs":["listen","config_dir","enable_output_schema_extensions","enable_output_generated_sdk"],"joinArgs":true,"shell":false,"port":9399} {"metadata":{"emulator":{"name":"dataconnect"},"message":"Starting SQL Connect Emulator with command {\"binary\":\"C:\\\\Users\\\\alice\\\\.cache\\\\firebase\\\\emulators\\\\dataconnect-emulator-3.4.9.exe\",\"args\":[\"--logtostderr\",\"-v=2\",\"dev\",\"--listen=localhost:50001\",\"--config_dir=c:\\\\Developer\\\\ethopipe\\\\dataconnect\",\"--enable_output_schema_extensions=true\",\"--enable_output_generated_sdk=true\"],\"optionalArgs\":[\"listen\",\"config_dir\",\"enable_output_schema_extensions\",\"enable_output_generated_sdk\"],\"joinArgs\":true,\"shell\":false,\"port\":9399}"}}
[info] i  dataconnect: SQL Connect Emulator logging to dataconnect-debug.log {"metadata":{"emulator":{"name":"dataconnect"},"message":"SQL Connect Emulator logging to \u001b[1mdataconnect-debug.log\u001b[22m"}}
[debug] [2026-06-01T15:28:27.234Z] I0601 12:28:27.228169   52300 load.go:31] Reloading schema and connectors...
 {"metadata":{"emulator":{"name":"dataconnect"},"message":"I0601 12:28:27.228169   52300 load.go:31] Reloading schema and connectors...\n"}}
[debug] [2026-06-01T15:28:27.293Z] I0601 12:28:27.288920   52300 control.go:100] [projects/emulator/locations/emulator/services/ethopipe ff3b] UpdateResources(): done
Main schema: sources: schema\schema.gql [1992B] 
Connector "example": sources: example\mutations.gql [1243B] example\queries.gql [1801B] 
 {"metadata":{"emulator":{"name":"dataconnect"},"message":"I0601 12:28:27.288920   52300 control.go:100] [projects/emulator/locations/emulator/services/ethopipe ff3b] UpdateResources(): done\nMain schema: sources: schema\\schema.gql [1992B] \nConnector \"example\": sources: example\\mutations.gql [1243B] example\\queries.gql [1801B] \n"}}
[debug] [2026-06-01T15:28:27.336Z] I0601 12:28:27.335852   52300 collector.go:107] schema extensions wrote into "c:\\Developer\\ethopipe\\dataconnect\\.dataconnect\\schema"
Generated sources: main\mutation.gql [13679B] main\implicit.gql [1261B] main\input.gql [29168B] main\relation.gql [14318B] main\query.gql [5099B] prelude.gql [84995B] 
I0601 12:28:27.335852   52300 load.go:109] Finished reloading
 {"metadata":{"emulator":{"name":"dataconnect"},"message":"I0601 12:28:27.335852   52300 collector.go:107] schema extensions wrote into \"c:\\\\Developer\\\\ethopipe\\\\dataconnect\\\\.dataconnect\\\\schema\"\nGenerated sources: main\\mutation.gql [13679B] main\\implicit.gql [1261B] main\\input.gql [29168B] main\\relation.gql [14318B] main\\query.gql [5099B] prelude.gql [84995B] \nI0601 12:28:27.335852   52300 load.go:109] Finished reloading\n"}}
[debug] [2026-06-01T15:28:27.351Z] I0601 12:28:27.351218   52300 dev.go:104] Listening on address (HTTP + gRPC): 127.0.0.1:50001
 {"metadata":{"emulator":{"name":"dataconnect"},"message":"I0601 12:28:27.351218   52300 dev.go:104] Listening on address (HTTP + gRPC): 127.0.0.1:50001\n"}}
[debug] [2026-06-01T15:28:27.629Z] <<< [apiv2][status] GET https://firebase.googleapis.com/v1beta1/projects 200
[debug] [2026-06-01T15:28:27.629Z] <<< [apiv2][body] GET https://firebase.googleapis.com/v1beta1/projects [omitted]
[debug] [2026-06-01T15:28:27.888Z] I0601 12:28:27.887881   52300 engine.go:209] [projects/emulator/locations/emulator/services/ethopipe ff3b] ExecuteGraphqlRead query IntrospectionQuery: succeeded. 
 {"metadata":{"emulator":{"name":"dataconnect"},"message":"I0601 12:28:27.887881   52300 engine.go:209] [projects/emulator/locations/emulator/services/ethopipe ff3b] ExecuteGraphqlRead query IntrospectionQuery: succeeded. \n"}}
[info] [Firebase Plugin] Stopping SQL Connect toolkit
[warn] !  SQL Connect Emulator has exited upon receiving signal: SIGINT 
[debug] [2026-06-01T15:33:57.314Z] [Firebase Plugin] Activating Firebase extension.
[debug] [2026-06-01T15:33:58.358Z] [Firebase Plugin] requireAuthWrapper
[debug] [2026-06-01T15:33:58.360Z] > command requires scopes: ["email","openid","https://www.googleapis.com/auth/cloudplatformprojects.readonly","https://www.googleapis.com/auth/firebase","https://www.googleapis.com/auth/cloud-platform"]
[debug] [2026-06-01T15:33:58.361Z] > authorizing via signed-in user (harley.girlu2@gmail.com)
[debug] [2026-06-01T15:33:58.364Z] Checked if tokens are valid: true, expires at: 1780329688184
[debug] [2026-06-01T15:33:58.364Z] Checked if tokens are valid: true, expires at: 1780329688184
[debug] [2026-06-01T15:33:58.364Z] [Firebase Plugin] User found:  harley.girlu2@gmail.com
[info] [Firebase Plugin] (Core:Project) New user detected, fetching projects
[debug] [2026-06-01T15:33:58.366Z] Checked if tokens are valid: true, expires at: 1780329688184
[debug] [2026-06-01T15:33:58.367Z] >>> [apiv2][query] GET https://firebase.googleapis.com/v1beta1/projects pageSize=1000
[debug] [2026-06-01T15:33:58.379Z] [Firebase Plugin] VSCode notification server listening on port 40001
[info] [Firebase Plugin] Starting SQL Connect toolkit (version 3.4.9) on port 50001
[debug] [2026-06-01T15:33:59.000Z] I0601 12:33:58.986587   65852 control.go:100] [projects/emulator/locations/emulator/services/ethopipe 5b6e] UpdateResources(): done
Main schema: sources: schema\schema.gql [1992B] 
Connector "example": sources: example\mutations.gql [1243B] example\queries.gql [1801B] 
 {"metadata":{"emulator":{"name":"dataconnect"},"message":"I0601 12:33:58.986587   65852 control.go:100] [projects/emulator/locations/emulator/services/ethopipe 5b6e] UpdateResources(): done\nMain schema: sources: schema\\schema.gql [1992B] \nConnector \"example\": sources: example\\mutations.gql [1243B] example\\queries.gql [1801B] \n"}}
[debug] [2026-06-01T15:33:59.001Z] Ignoring unsupported arg: auto_download {"metadata":{"emulator":{"name":"dataconnect"},"message":"Ignoring unsupported arg: auto_download"}}
[debug] [2026-06-01T15:33:59.002Z] Ignoring unsupported arg: port {"metadata":{"emulator":{"name":"dataconnect"},"message":"Ignoring unsupported arg: port"}}
[debug] [2026-06-01T15:33:59.002Z] Starting SQL Connect Emulator with command {"binary":"C:\\Users\\alice\\.cache\\firebase\\emulators\\dataconnect-emulator-3.4.9.exe","args":["--logtostderr","-v=2","dev","--listen=localhost:50001","--config_dir=c:\\Developer\\ethopipe\\dataconnect","--enable_output_schema_extensions=true","--enable_output_generated_sdk=true"],"optionalArgs":["listen","config_dir","enable_output_schema_extensions","enable_output_generated_sdk"],"joinArgs":true,"shell":false,"port":9399} {"metadata":{"emulator":{"name":"dataconnect"},"message":"Starting SQL Connect Emulator with command {\"binary\":\"C:\\\\Users\\\\alice\\\\.cache\\\\firebase\\\\emulators\\\\dataconnect-emulator-3.4.9.exe\",\"args\":[\"--logtostderr\",\"-v=2\",\"dev\",\"--listen=localhost:50001\",\"--config_dir=c:\\\\Developer\\\\ethopipe\\\\dataconnect\",\"--enable_output_schema_extensions=true\",\"--enable_output_generated_sdk=true\"],\"optionalArgs\":[\"listen\",\"config_dir\",\"enable_output_schema_extensions\",\"enable_output_generated_sdk\"],\"joinArgs\":true,\"shell\":false,\"port\":9399}"}}
[info] i  dataconnect: SQL Connect Emulator logging to dataconnect-debug.log {"metadata":{"emulator":{"name":"dataconnect"},"message":"SQL Connect Emulator logging to \u001b[1mdataconnect-debug.log\u001b[22m"}}
[debug] [2026-06-01T15:33:59.065Z] I0601 12:33:59.053190   61328 load.go:31] Reloading schema and connectors...
 {"metadata":{"emulator":{"name":"dataconnect"},"message":"I0601 12:33:59.053190   61328 load.go:31] Reloading schema and connectors...\n"}}
[debug] [2026-06-01T15:33:59.111Z] I0601 12:33:59.086650   61328 control.go:100] [projects/emulator/locations/emulator/services/ethopipe 6b5f] UpdateResources(): done
Main schema: sources: schema\schema.gql [1992B] 
Connector "example": sources: example\mutations.gql [1243B] example\queries.gql [1801B] 
 {"metadata":{"emulator":{"name":"dataconnect"},"message":"I0601 12:33:59.086650   61328 control.go:100] [projects/emulator/locations/emulator/services/ethopipe 6b5f] UpdateResources(): done\nMain schema: sources: schema\\schema.gql [1992B] \nConnector \"example\": sources: example\\mutations.gql [1243B] example\\queries.gql [1801B] \n"}}
[debug] [2026-06-01T15:33:59.133Z] I0601 12:33:59.124241   61328 collector.go:107] schema extensions wrote into "c:\\Developer\\ethopipe\\dataconnect\\.dataconnect\\schema"
Generated sources: main\relation.gql [14318B] main\query.gql [5099B] main\mutation.gql [13679B] prelude.gql [84995B] main\implicit.gql [1261B] main\input.gql [29168B] 
I0601 12:33:59.125239   61328 load.go:109] Finished reloading
 {"metadata":{"emulator":{"name":"dataconnect"},"message":"I0601 12:33:59.124241   61328 collector.go:107] schema extensions wrote into \"c:\\\\Developer\\\\ethopipe\\\\dataconnect\\\\.dataconnect\\\\schema\"\nGenerated sources: main\\relation.gql [14318B] main\\query.gql [5099B] main\\mutation.gql [13679B] prelude.gql [84995B] main\\implicit.gql [1261B] main\\input.gql [29168B] \nI0601 12:33:59.125239   61328 load.go:109] Finished reloading\n"}}
[debug] [2026-06-01T15:33:59.166Z] I0601 12:33:59.160129   61328 dev.go:104] Listening on address (HTTP + gRPC): 127.0.0.1:50001
 {"metadata":{"emulator":{"name":"dataconnect"},"message":"I0601 12:33:59.160129   61328 dev.go:104] Listening on address (HTTP + gRPC): 127.0.0.1:50001\n"}}
[debug] [2026-06-01T15:33:59.722Z] I0601 12:33:59.704416   61328 engine.go:209] [projects/emulator/locations/emulator/services/ethopipe 6b5f] ExecuteGraphqlRead query IntrospectionQuery: succeeded. 
 {"metadata":{"emulator":{"name":"dataconnect"},"message":"I0601 12:33:59.704416   61328 engine.go:209] [projects/emulator/locations/emulator/services/ethopipe 6b5f] ExecuteGraphqlRead query IntrospectionQuery: succeeded. \n"}}
[debug] [2026-06-01T15:33:59.777Z] <<< [apiv2][status] GET https://firebase.googleapis.com/v1beta1/projects 200
[debug] [2026-06-01T15:33:59.778Z] <<< [apiv2][body] GET https://firebase.googleapis.com/v1beta1/projects [omitted]
[info] [Firebase Plugin] Stopping SQL Connect toolkit
[warn] !  SQL Connect Emulator has exited upon receiving signal: SIGINT 
[debug] [2026-06-01T15:35:46.139Z] [Firebase Plugin] Activating Firebase extension.
[debug] [2026-06-01T15:35:47.600Z] [Firebase Plugin] requireAuthWrapper
[debug] [2026-06-01T15:35:47.603Z] > command requires scopes: ["email","openid","https://www.googleapis.com/auth/cloudplatformprojects.readonly","https://www.googleapis.com/auth/firebase","https://www.googleapis.com/auth/cloud-platform"]
[debug] [2026-06-01T15:35:47.603Z] > authorizing via signed-in user (harley.girlu2@gmail.com)
[debug] [2026-06-01T15:35:47.607Z] Checked if tokens are valid: true, expires at: 1780329688184
[debug] [2026-06-01T15:35:47.607Z] Checked if tokens are valid: true, expires at: 1780329688184
[debug] [2026-06-01T15:35:47.608Z] [Firebase Plugin] User found:  harley.girlu2@gmail.com
[info] [Firebase Plugin] (Core:Project) New user detected, fetching projects
[debug] [2026-06-01T15:35:47.610Z] Checked if tokens are valid: true, expires at: 1780329688184
[debug] [2026-06-01T15:35:47.611Z] >>> [apiv2][query] GET https://firebase.googleapis.com/v1beta1/projects pageSize=1000
[debug] [2026-06-01T15:35:47.624Z] [Firebase Plugin] VSCode notification server listening on port 40001
[info] [Firebase Plugin] Starting SQL Connect toolkit (version 3.4.9) on port 50001
[debug] [2026-06-01T15:35:48.243Z] I0601 12:35:48.227379   67360 control.go:100] [projects/emulator/locations/emulator/services/ethopipe 2d3d] UpdateResources(): done
Main schema: sources: schema\schema.gql [1992B] 
Connector "example": sources: example\mutations.gql [1243B] example\queries.gql [1801B] 
 {"metadata":{"emulator":{"name":"dataconnect"},"message":"I0601 12:35:48.227379   67360 control.go:100] [projects/emulator/locations/emulator/services/ethopipe 2d3d] UpdateResources(): done\nMain schema: sources: schema\\schema.gql [1992B] \nConnector \"example\": sources: example\\mutations.gql [1243B] example\\queries.gql [1801B] \n"}}
[debug] [2026-06-01T15:35:48.244Z] Ignoring unsupported arg: auto_download {"metadata":{"emulator":{"name":"dataconnect"},"message":"Ignoring unsupported arg: auto_download"}}
[debug] [2026-06-01T15:35:48.244Z] Ignoring unsupported arg: port {"metadata":{"emulator":{"name":"dataconnect"},"message":"Ignoring unsupported arg: port"}}
[debug] [2026-06-01T15:35:48.245Z] Starting SQL Connect Emulator with command {"binary":"C:\\Users\\alice\\.cache\\firebase\\emulators\\dataconnect-emulator-3.4.9.exe","args":["--logtostderr","-v=2","dev","--listen=localhost:50001","--config_dir=c:\\Developer\\ethopipe\\dataconnect","--enable_output_schema_extensions=true","--enable_output_generated_sdk=true"],"optionalArgs":["listen","config_dir","enable_output_schema_extensions","enable_output_generated_sdk"],"joinArgs":true,"shell":false,"port":9399} {"metadata":{"emulator":{"name":"dataconnect"},"message":"Starting SQL Connect Emulator with command {\"binary\":\"C:\\\\Users\\\\alice\\\\.cache\\\\firebase\\\\emulators\\\\dataconnect-emulator-3.4.9.exe\",\"args\":[\"--logtostderr\",\"-v=2\",\"dev\",\"--listen=localhost:50001\",\"--config_dir=c:\\\\Developer\\\\ethopipe\\\\dataconnect\",\"--enable_output_schema_extensions=true\",\"--enable_output_generated_sdk=true\"],\"optionalArgs\":[\"listen\",\"config_dir\",\"enable_output_schema_extensions\",\"enable_output_generated_sdk\"],\"joinArgs\":true,\"shell\":false,\"port\":9399}"}}
[info] i  dataconnect: SQL Connect Emulator logging to dataconnect-debug.log {"metadata":{"emulator":{"name":"dataconnect"},"message":"SQL Connect Emulator logging to \u001b[1mdataconnect-debug.log\u001b[22m"}}
[debug] [2026-06-01T15:35:48.323Z] I0601 12:35:48.305085   34668 load.go:31] Reloading schema and connectors...
 {"metadata":{"emulator":{"name":"dataconnect"},"message":"I0601 12:35:48.305085   34668 load.go:31] Reloading schema and connectors...\n"}}
[debug] [2026-06-01T15:35:48.349Z] I0601 12:35:48.341561   34668 control.go:100] [projects/emulator/locations/emulator/services/ethopipe ef1a] UpdateResources(): done
Main schema: sources: schema\schema.gql [1992B] 
Connector "example": sources: example\mutations.gql [1243B] example\queries.gql [1801B] 
 {"metadata":{"emulator":{"name":"dataconnect"},"message":"I0601 12:35:48.341561   34668 control.go:100] [projects/emulator/locations/emulator/services/ethopipe ef1a] UpdateResources(): done\nMain schema: sources: schema\\schema.gql [1992B] \nConnector \"example\": sources: example\\mutations.gql [1243B] example\\queries.gql [1801B] \n"}}
[debug] [2026-06-01T15:35:48.387Z] I0601 12:35:48.381337   34668 collector.go:107] schema extensions wrote into "c:\\Developer\\ethopipe\\dataconnect\\.dataconnect\\schema"
Generated sources: prelude.gql [84995B] main\input.gql [29168B] main\relation.gql [14318B] main\query.gql [5099B] main\mutation.gql [13679B] main\implicit.gql [1261B] 
I0601 12:35:48.381337   34668 load.go:109] Finished reloading
 {"metadata":{"emulator":{"name":"dataconnect"},"message":"I0601 12:35:48.381337   34668 collector.go:107] schema extensions wrote into \"c:\\\\Developer\\\\ethopipe\\\\dataconnect\\\\.dataconnect\\\\schema\"\nGenerated sources: prelude.gql [84995B] main\\input.gql [29168B] main\\relation.gql [14318B] main\\query.gql [5099B] main\\mutation.gql [13679B] main\\implicit.gql [1261B] \nI0601 12:35:48.381337   34668 load.go:109] Finished reloading\n"}}
[debug] [2026-06-01T15:35:48.659Z] I0601 12:35:48.416253   34668 dev.go:104] Listening on address (HTTP + gRPC): 127.0.0.1:50001
 {"metadata":{"emulator":{"name":"dataconnect"},"message":"I0601 12:35:48.416253   34668 dev.go:104] Listening on address (HTTP + gRPC): 127.0.0.1:50001\n"}}
[debug] [2026-06-01T15:35:48.739Z] <<< [apiv2][status] GET https://firebase.googleapis.com/v1beta1/projects 200
[debug] [2026-06-01T15:35:48.739Z] <<< [apiv2][body] GET https://firebase.googleapis.com/v1beta1/projects [omitted]
[debug] [2026-06-01T15:35:49.069Z] I0601 12:35:49.069750   34668 engine.go:209] [projects/emulator/locations/emulator/services/ethopipe ef1a] ExecuteGraphqlRead query IntrospectionQuery: succeeded. 
 {"metadata":{"emulator":{"name":"dataconnect"},"message":"I0601 12:35:49.069750   34668 engine.go:209] [projects/emulator/locations/emulator/services/ethopipe ef1a] ExecuteGraphqlRead query IntrospectionQuery: succeeded. \n"}}
[info] [Firebase Plugin] Stopping SQL Connect toolkit
[warn] !  SQL Connect Emulator has exited upon receiving signal: SIGINT 
[debug] [2026-06-01T15:38:16.957Z] [Firebase Plugin] Activating Firebase extension.
[debug] [2026-06-01T15:38:17.993Z] [Firebase Plugin] requireAuthWrapper
[debug] [2026-06-01T15:38:17.995Z] > command requires scopes: ["email","openid","https://www.googleapis.com/auth/cloudplatformprojects.readonly","https://www.googleapis.com/auth/firebase","https://www.googleapis.com/auth/cloud-platform"]
[debug] [2026-06-01T15:38:17.995Z] > authorizing via signed-in user (harley.girlu2@gmail.com)
[debug] [2026-06-01T15:38:17.998Z] Checked if tokens are valid: true, expires at: 1780329688184
[debug] [2026-06-01T15:38:17.999Z] Checked if tokens are valid: true, expires at: 1780329688184
[debug] [2026-06-01T15:38:17.999Z] [Firebase Plugin] User found:  harley.girlu2@gmail.com
[info] [Firebase Plugin] (Core:Project) New user detected, fetching projects
[debug] [2026-06-01T15:38:18.001Z] Checked if tokens are valid: true, expires at: 1780329688184
[debug] [2026-06-01T15:38:18.003Z] >>> [apiv2][query] GET https://firebase.googleapis.com/v1beta1/projects pageSize=1000
[debug] [2026-06-01T15:38:18.016Z] [Firebase Plugin] VSCode notification server listening on port 40001
[info] [Firebase Plugin] Starting SQL Connect toolkit (version 3.4.9) on port 50001
[debug] [2026-06-01T15:38:18.542Z] I0601 12:38:18.530692   69848 control.go:100] [projects/emulator/locations/emulator/services/ethopipe e91e] UpdateResources(): done
Main schema: sources: schema\schema.gql [1992B] 
Connector "example": sources: example\mutations.gql [1243B] example\queries.gql [1801B] 
 {"metadata":{"emulator":{"name":"dataconnect"},"message":"I0601 12:38:18.530692   69848 control.go:100] [projects/emulator/locations/emulator/services/ethopipe e91e] UpdateResources(): done\nMain schema: sources: schema\\schema.gql [1992B] \nConnector \"example\": sources: example\\mutations.gql [1243B] example\\queries.gql [1801B] \n"}}
[debug] [2026-06-01T15:38:18.543Z] Ignoring unsupported arg: auto_download {"metadata":{"emulator":{"name":"dataconnect"},"message":"Ignoring unsupported arg: auto_download"}}
[debug] [2026-06-01T15:38:18.544Z] Ignoring unsupported arg: port {"metadata":{"emulator":{"name":"dataconnect"},"message":"Ignoring unsupported arg: port"}}
[debug] [2026-06-01T15:38:18.544Z] Starting SQL Connect Emulator with command {"binary":"C:\\Users\\alice\\.cache\\firebase\\emulators\\dataconnect-emulator-3.4.9.exe","args":["--logtostderr","-v=2","dev","--listen=localhost:50001","--config_dir=c:\\Developer\\ethopipe\\dataconnect","--enable_output_schema_extensions=true","--enable_output_generated_sdk=true"],"optionalArgs":["listen","config_dir","enable_output_schema_extensions","enable_output_generated_sdk"],"joinArgs":true,"shell":false,"port":9399} {"metadata":{"emulator":{"name":"dataconnect"},"message":"Starting SQL Connect Emulator with command {\"binary\":\"C:\\\\Users\\\\alice\\\\.cache\\\\firebase\\\\emulators\\\\dataconnect-emulator-3.4.9.exe\",\"args\":[\"--logtostderr\",\"-v=2\",\"dev\",\"--listen=localhost:50001\",\"--config_dir=c:\\\\Developer\\\\ethopipe\\\\dataconnect\",\"--enable_output_schema_extensions=true\",\"--enable_output_generated_sdk=true\"],\"optionalArgs\":[\"listen\",\"config_dir\",\"enable_output_schema_extensions\",\"enable_output_generated_sdk\"],\"joinArgs\":true,\"shell\":false,\"port\":9399}"}}
[info] i  dataconnect: SQL Connect Emulator logging to dataconnect-debug.log {"metadata":{"emulator":{"name":"dataconnect"},"message":"SQL Connect Emulator logging to \u001b[1mdataconnect-debug.log\u001b[22m"}}
[debug] [2026-06-01T15:38:18.594Z] I0601 12:38:18.590772   66656 load.go:31] Reloading schema and connectors...
 {"metadata":{"emulator":{"name":"dataconnect"},"message":"I0601 12:38:18.590772   66656 load.go:31] Reloading schema and connectors...\n"}}
[debug] [2026-06-01T15:38:18.631Z] I0601 12:38:18.610105   66656 control.go:100] [projects/emulator/locations/emulator/services/ethopipe 291c] UpdateResources(): done
Main schema: sources: schema\schema.gql [1992B] 
Connector "example": sources: example\mutations.gql [1243B] example\queries.gql [1801B] 
 {"metadata":{"emulator":{"name":"dataconnect"},"message":"I0601 12:38:18.610105   66656 control.go:100] [projects/emulator/locations/emulator/services/ethopipe 291c] UpdateResources(): done\nMain schema: sources: schema\\schema.gql [1992B] \nConnector \"example\": sources: example\\mutations.gql [1243B] example\\queries.gql [1801B] \n"}}
[debug] [2026-06-01T15:38:18.636Z] I0601 12:38:18.636219   66656 collector.go:107] schema extensions wrote into "c:\\Developer\\ethopipe\\dataconnect\\.dataconnect\\schema"
Generated sources: main\input.gql [29168B] main\relation.gql [14318B] main\query.gql [5099B] main\mutation.gql [13679B] prelude.gql [84995B] main\implicit.gql [1261B] 
I0601 12:38:18.636720   66656 load.go:109] Finished reloading
 {"metadata":{"emulator":{"name":"dataconnect"},"message":"I0601 12:38:18.636219   66656 collector.go:107] schema extensions wrote into \"c:\\\\Developer\\\\ethopipe\\\\dataconnect\\\\.dataconnect\\\\schema\"\nGenerated sources: main\\input.gql [29168B] main\\relation.gql [14318B] main\\query.gql [5099B] main\\mutation.gql [13679B] prelude.gql [84995B] main\\implicit.gql [1261B] \nI0601 12:38:18.636720   66656 load.go:109] Finished reloading\n"}}
[debug] [2026-06-01T15:38:18.660Z] I0601 12:38:18.659636   66656 dev.go:104] Listening on address (HTTP + gRPC): 127.0.0.1:50001
 {"metadata":{"emulator":{"name":"dataconnect"},"message":"I0601 12:38:18.659636   66656 dev.go:104] Listening on address (HTTP + gRPC): 127.0.0.1:50001\n"}}
[debug] [2026-06-01T15:38:19.144Z] <<< [apiv2][status] GET https://firebase.googleapis.com/v1beta1/projects 200
[debug] [2026-06-01T15:38:19.145Z] <<< [apiv2][body] GET https://firebase.googleapis.com/v1beta1/projects [omitted]
[debug] [2026-06-01T15:38:19.182Z] I0601 12:38:19.181971   66656 engine.go:209] [projects/emulator/locations/emulator/services/ethopipe 291c] ExecuteGraphqlRead query IntrospectionQuery: succeeded. 
 {"metadata":{"emulator":{"name":"dataconnect"},"message":"I0601 12:38:19.181971   66656 engine.go:209] [projects/emulator/locations/emulator/services/ethopipe 291c] ExecuteGraphqlRead query IntrospectionQuery: succeeded. \n"}}
[info] [Firebase Plugin] Stopping SQL Connect toolkit
[warn] !  SQL Connect Emulator has exited upon receiving signal: SIGINT 
[debug] [2026-06-01T15:39:25.281Z] [Firebase Plugin] Activating Firebase extension.
[debug] [2026-06-01T15:39:26.951Z] [Firebase Plugin] requireAuthWrapper
[debug] [2026-06-01T15:39:26.952Z] > command requires scopes: ["email","openid","https://www.googleapis.com/auth/cloudplatformprojects.readonly","https://www.googleapis.com/auth/firebase","https://www.googleapis.com/auth/cloud-platform"]
[debug] [2026-06-01T15:39:26.953Z] > authorizing via signed-in user (harley.girlu2@gmail.com)
[debug] [2026-06-01T15:39:26.955Z] Checked if tokens are valid: true, expires at: 1780329688184
[debug] [2026-06-01T15:39:26.955Z] Checked if tokens are valid: true, expires at: 1780329688184
[debug] [2026-06-01T15:39:26.955Z] [Firebase Plugin] User found:  harley.girlu2@gmail.com
[info] [Firebase Plugin] (Core:Project) New user detected, fetching projects
[debug] [2026-06-01T15:39:26.957Z] Checked if tokens are valid: true, expires at: 1780329688184
[debug] [2026-06-01T15:39:26.958Z] >>> [apiv2][query] GET https://firebase.googleapis.com/v1beta1/projects pageSize=1000
[debug] [2026-06-01T15:39:26.967Z] [Firebase Plugin] VSCode notification server listening on port 40001
[info] [Firebase Plugin] Starting SQL Connect toolkit (version 3.4.9) on port 50001
[debug] [2026-06-01T15:39:27.524Z] I0601 12:39:27.504701   61908 control.go:100] [projects/emulator/locations/emulator/services/ethopipe f48c] UpdateResources(): done
Main schema: sources: schema\schema.gql [1992B] 
Connector "example": sources: example\mutations.gql [1243B] example\queries.gql [1801B] 
 {"metadata":{"emulator":{"name":"dataconnect"},"message":"I0601 12:39:27.504701   61908 control.go:100] [projects/emulator/locations/emulator/services/ethopipe f48c] UpdateResources(): done\nMain schema: sources: schema\\schema.gql [1992B] \nConnector \"example\": sources: example\\mutations.gql [1243B] example\\queries.gql [1801B] \n"}}
[debug] [2026-06-01T15:39:27.525Z] Ignoring unsupported arg: auto_download {"metadata":{"emulator":{"name":"dataconnect"},"message":"Ignoring unsupported arg: auto_download"}}
[debug] [2026-06-01T15:39:27.525Z] Ignoring unsupported arg: port {"metadata":{"emulator":{"name":"dataconnect"},"message":"Ignoring unsupported arg: port"}}
[debug] [2026-06-01T15:39:27.526Z] Starting SQL Connect Emulator with command {"binary":"C:\\Users\\alice\\.cache\\firebase\\emulators\\dataconnect-emulator-3.4.9.exe","args":["--logtostderr","-v=2","dev","--listen=localhost:50001","--config_dir=c:\\Developer\\ethopipe\\dataconnect","--enable_output_schema_extensions=true","--enable_output_generated_sdk=true"],"optionalArgs":["listen","config_dir","enable_output_schema_extensions","enable_output_generated_sdk"],"joinArgs":true,"shell":false,"port":9399} {"metadata":{"emulator":{"name":"dataconnect"},"message":"Starting SQL Connect Emulator with command {\"binary\":\"C:\\\\Users\\\\alice\\\\.cache\\\\firebase\\\\emulators\\\\dataconnect-emulator-3.4.9.exe\",\"args\":[\"--logtostderr\",\"-v=2\",\"dev\",\"--listen=localhost:50001\",\"--config_dir=c:\\\\Developer\\\\ethopipe\\\\dataconnect\",\"--enable_output_schema_extensions=true\",\"--enable_output_generated_sdk=true\"],\"optionalArgs\":[\"listen\",\"config_dir\",\"enable_output_schema_extensions\",\"enable_output_generated_sdk\"],\"joinArgs\":true,\"shell\":false,\"port\":9399}"}}
[info] i  dataconnect: SQL Connect Emulator logging to dataconnect-debug.log {"metadata":{"emulator":{"name":"dataconnect"},"message":"SQL Connect Emulator logging to \u001b[1mdataconnect-debug.log\u001b[22m"}}
[debug] [2026-06-01T15:39:27.599Z] I0601 12:39:27.584947   67596 load.go:31] Reloading schema and connectors...
 {"metadata":{"emulator":{"name":"dataconnect"},"message":"I0601 12:39:27.584947   67596 load.go:31] Reloading schema and connectors...\n"}}
[debug] [2026-06-01T15:39:27.669Z] I0601 12:39:27.656640   67596 control.go:100] [projects/emulator/locations/emulator/services/ethopipe 3757] UpdateResources(): done
Main schema: sources: schema\schema.gql [1992B] 
Connector "example": sources: example\mutations.gql [1243B] example\queries.gql [1801B] 
 {"metadata":{"emulator":{"name":"dataconnect"},"message":"I0601 12:39:27.656640   67596 control.go:100] [projects/emulator/locations/emulator/services/ethopipe 3757] UpdateResources(): done\nMain schema: sources: schema\\schema.gql [1992B] \nConnector \"example\": sources: example\\mutations.gql [1243B] example\\queries.gql [1801B] \n"}}
[debug] [2026-06-01T15:39:27.735Z] I0601 12:39:27.710742   67596 collector.go:107] schema extensions wrote into "c:\\Developer\\ethopipe\\dataconnect\\.dataconnect\\schema"
Generated sources: prelude.gql [84995B] main\implicit.gql [1261B] main\input.gql [29168B] main\relation.gql [14318B] main\query.gql [5099B] main\mutation.gql [13679B] 
I0601 12:39:27.710742   67596 load.go:109] Finished reloading
 {"metadata":{"emulator":{"name":"dataconnect"},"message":"I0601 12:39:27.710742   67596 collector.go:107] schema extensions wrote into \"c:\\\\Developer\\\\ethopipe\\\\dataconnect\\\\.dataconnect\\\\schema\"\nGenerated sources: prelude.gql [84995B] main\\implicit.gql [1261B] main\\input.gql [29168B] main\\relation.gql [14318B] main\\query.gql [5099B] main\\mutation.gql [13679B] \nI0601 12:39:27.710742   67596 load.go:109] Finished reloading\n"}}
[debug] [2026-06-01T15:39:27.762Z] I0601 12:39:27.750318   67596 dev.go:104] Listening on address (HTTP + gRPC): 127.0.0.1:50001
 {"metadata":{"emulator":{"name":"dataconnect"},"message":"I0601 12:39:27.750318   67596 dev.go:104] Listening on address (HTTP + gRPC): 127.0.0.1:50001\n"}}
[debug] [2026-06-01T15:39:27.910Z] I0601 12:39:27.896571   67596 engine.go:209] [projects/emulator/locations/emulator/services/ethopipe 3757] ExecuteGraphqlRead query IntrospectionQuery: succeeded. 
 {"metadata":{"emulator":{"name":"dataconnect"},"message":"I0601 12:39:27.896571   67596 engine.go:209] [projects/emulator/locations/emulator/services/ethopipe 3757] ExecuteGraphqlRead query IntrospectionQuery: succeeded. \n"}}
[debug] [2026-06-01T15:39:28.143Z] <<< [apiv2][status] GET https://firebase.googleapis.com/v1beta1/projects 200
[debug] [2026-06-01T15:39:28.144Z] <<< [apiv2][body] GET https://firebase.googleapis.com/v1beta1/projects [omitted]
[info] [Firebase Plugin] Stopping SQL Connect toolkit
[warn] !  SQL Connect Emulator has exited upon receiving signal: SIGINT 
[debug] [2026-06-01T15:41:30.349Z] [Firebase Plugin] Activating Firebase extension.
[debug] [2026-06-01T15:41:32.378Z] [Firebase Plugin] requireAuthWrapper
[debug] [2026-06-01T15:41:32.380Z] > command requires scopes: ["email","openid","https://www.googleapis.com/auth/cloudplatformprojects.readonly","https://www.googleapis.com/auth/firebase","https://www.googleapis.com/auth/cloud-platform"]
[debug] [2026-06-01T15:41:32.381Z] > authorizing via signed-in user (harley.girlu2@gmail.com)
[debug] [2026-06-01T15:41:32.385Z] Checked if tokens are valid: true, expires at: 1780329688184
[debug] [2026-06-01T15:41:32.385Z] Checked if tokens are valid: true, expires at: 1780329688184
[debug] [2026-06-01T15:41:32.386Z] [Firebase Plugin] User found:  harley.girlu2@gmail.com
[info] [Firebase Plugin] (Core:Project) New user detected, fetching projects
[debug] [2026-06-01T15:41:32.387Z] Checked if tokens are valid: true, expires at: 1780329688184
[debug] [2026-06-01T15:41:32.389Z] >>> [apiv2][query] GET https://firebase.googleapis.com/v1beta1/projects pageSize=1000
[debug] [2026-06-01T15:41:32.404Z] [Firebase Plugin] VSCode notification server listening on port 40001
[info] [Firebase Plugin] Starting SQL Connect toolkit (version 3.4.9) on port 50001
[debug] [2026-06-01T15:41:33.416Z] I0601 12:41:33.393498   70000 control.go:100] [projects/emulator/locations/emulator/services/ethopipe 5c2e] UpdateResources(): done
Main schema: sources: schema\schema.gql [1992B] 
Connector "example": sources: example\mutations.gql [1243B] example\queries.gql [1801B] 
 {"metadata":{"emulator":{"name":"dataconnect"},"message":"I0601 12:41:33.393498   70000 control.go:100] [projects/emulator/locations/emulator/services/ethopipe 5c2e] UpdateResources(): done\nMain schema: sources: schema\\schema.gql [1992B] \nConnector \"example\": sources: example\\mutations.gql [1243B] example\\queries.gql [1801B] \n"}}
[debug] [2026-06-01T15:41:33.417Z] Ignoring unsupported arg: auto_download {"metadata":{"emulator":{"name":"dataconnect"},"message":"Ignoring unsupported arg: auto_download"}}
[debug] [2026-06-01T15:41:33.418Z] Ignoring unsupported arg: port {"metadata":{"emulator":{"name":"dataconnect"},"message":"Ignoring unsupported arg: port"}}
[debug] [2026-06-01T15:41:33.418Z] Starting SQL Connect Emulator with command {"binary":"C:\\Users\\alice\\.cache\\firebase\\emulators\\dataconnect-emulator-3.4.9.exe","args":["--logtostderr","-v=2","dev","--listen=localhost:50001","--config_dir=c:\\Developer\\ethopipe\\dataconnect","--enable_output_schema_extensions=true","--enable_output_generated_sdk=true"],"optionalArgs":["listen","config_dir","enable_output_schema_extensions","enable_output_generated_sdk"],"joinArgs":true,"shell":false,"port":9399} {"metadata":{"emulator":{"name":"dataconnect"},"message":"Starting SQL Connect Emulator with command {\"binary\":\"C:\\\\Users\\\\alice\\\\.cache\\\\firebase\\\\emulators\\\\dataconnect-emulator-3.4.9.exe\",\"args\":[\"--logtostderr\",\"-v=2\",\"dev\",\"--listen=localhost:50001\",\"--config_dir=c:\\\\Developer\\\\ethopipe\\\\dataconnect\",\"--enable_output_schema_extensions=true\",\"--enable_output_generated_sdk=true\"],\"optionalArgs\":[\"listen\",\"config_dir\",\"enable_output_schema_extensions\",\"enable_output_generated_sdk\"],\"joinArgs\":true,\"shell\":false,\"port\":9399}"}}
[info] i  dataconnect: SQL Connect Emulator logging to dataconnect-debug.log {"metadata":{"emulator":{"name":"dataconnect"},"message":"SQL Connect Emulator logging to \u001b[1mdataconnect-debug.log\u001b[22m"}}
[debug] [2026-06-01T15:41:33.492Z] I0601 12:41:33.481568   57596 load.go:31] Reloading schema and connectors...
 {"metadata":{"emulator":{"name":"dataconnect"},"message":"I0601 12:41:33.481568   57596 load.go:31] Reloading schema and connectors...\n"}}
[debug] [2026-06-01T15:41:33.510Z] I0601 12:41:33.505569   57596 control.go:100] [projects/emulator/locations/emulator/services/ethopipe 50a3] UpdateResources(): done
Main schema: sources: schema\schema.gql [1992B] 
Connector "example": sources: example\mutations.gql [1243B] example\queries.gql [1801B] 
 {"metadata":{"emulator":{"name":"dataconnect"},"message":"I0601 12:41:33.505569   57596 control.go:100] [projects/emulator/locations/emulator/services/ethopipe 50a3] UpdateResources(): done\nMain schema: sources: schema\\schema.gql [1992B] \nConnector \"example\": sources: example\\mutations.gql [1243B] example\\queries.gql [1801B] \n"}}
[debug] [2026-06-01T15:41:33.545Z] I0601 12:41:33.538672   57596 collector.go:107] schema extensions wrote into "c:\\Developer\\ethopipe\\dataconnect\\.dataconnect\\schema"
Generated sources: main\query.gql [5099B] main\mutation.gql [13679B] prelude.gql [84995B] main\implicit.gql [1261B] main\input.gql [29168B] main\relation.gql [14318B] 
I0601 12:41:33.538672   57596 load.go:109] Finished reloading
 {"metadata":{"emulator":{"name":"dataconnect"},"message":"I0601 12:41:33.538672   57596 collector.go:107] schema extensions wrote into \"c:\\\\Developer\\\\ethopipe\\\\dataconnect\\\\.dataconnect\\\\schema\"\nGenerated sources: main\\query.gql [5099B] main\\mutation.gql [13679B] prelude.gql [84995B] main\\implicit.gql [1261B] main\\input.gql [29168B] main\\relation.gql [14318B] \nI0601 12:41:33.538672   57596 load.go:109] Finished reloading\n"}}
[debug] [2026-06-01T15:41:33.603Z] I0601 12:41:33.569217   57596 dev.go:104] Listening on address (HTTP + gRPC): 127.0.0.1:50001
 {"metadata":{"emulator":{"name":"dataconnect"},"message":"I0601 12:41:33.569217   57596 dev.go:104] Listening on address (HTTP + gRPC): 127.0.0.1:50001\n"}}
[debug] [2026-06-01T15:41:34.095Z] <<< [apiv2][status] GET https://firebase.googleapis.com/v1beta1/projects 200
[debug] [2026-06-01T15:41:34.096Z] <<< [apiv2][body] GET https://firebase.googleapis.com/v1beta1/projects [omitted]
[debug] [2026-06-01T15:41:34.719Z] I0601 12:41:34.494967   57596 engine.go:209] [projects/emulator/locations/emulator/services/ethopipe 50a3] ExecuteGraphqlRead query IntrospectionQuery: succeeded. 
 {"metadata":{"emulator":{"name":"dataconnect"},"message":"I0601 12:41:34.494967   57596 engine.go:209] [projects/emulator/locations/emulator/services/ethopipe 50a3] ExecuteGraphqlRead query IntrospectionQuery: succeeded. \n"}}
[debug] [2026-06-01T15:41:55.385Z] [Firebase Plugin] Value of process.env.MONOSPACE_ENV: undefined
[debug] [2026-06-01T15:41:55.386Z] [Firebase Plugin] requireAuthWrapper
[debug] [2026-06-01T15:41:55.388Z] > command requires scopes: ["email","openid","https://www.googleapis.com/auth/cloudplatformprojects.readonly","https://www.googleapis.com/auth/firebase","https://www.googleapis.com/auth/cloud-platform"]
[debug] [2026-06-01T15:41:55.388Z] > authorizing via signed-in user (harley.girlu2@gmail.com)
[debug] [2026-06-01T15:41:55.389Z] Checked if tokens are valid: true, expires at: 1780329688184
[debug] [2026-06-01T15:41:55.389Z] [Firebase Plugin] User found:  harley.girlu2@gmail.com
[info] [Firebase Plugin] (Core:Project) New user detected, fetching projects
[debug] [2026-06-01T15:41:55.391Z] Checked if tokens are valid: true, expires at: 1780329688184
[debug] [2026-06-01T15:41:55.392Z] >>> [apiv2][query] GET https://firebase.googleapis.com/v1beta1/projects pageSize=1000
[debug] [2026-06-01T15:41:55.408Z] [Firebase Plugin] Value of process.env.MONOSPACE_ENV: undefined
[debug] [2026-06-01T15:41:55.408Z] [Firebase Plugin] requireAuthWrapper
[debug] [2026-06-01T15:41:55.410Z] > command requires scopes: ["email","openid","https://www.googleapis.com/auth/cloudplatformprojects.readonly","https://www.googleapis.com/auth/firebase","https://www.googleapis.com/auth/cloud-platform"]
[debug] [2026-06-01T15:41:55.411Z] > authorizing via signed-in user (harley.girlu2@gmail.com)
[debug] [2026-06-01T15:41:55.413Z] Checked if tokens are valid: true, expires at: 1780329688184
[debug] [2026-06-01T15:41:55.414Z] [Firebase Plugin] User found:  harley.girlu2@gmail.com
[info] [Firebase Plugin] (Core:Project) New user detected, fetching projects
[debug] [2026-06-01T15:41:55.415Z] Checked if tokens are valid: true, expires at: 1780329688184
[debug] [2026-06-01T15:41:55.416Z] >>> [apiv2][query] GET https://firebase.googleapis.com/v1beta1/projects pageSize=1000
[debug] [2026-06-01T15:41:58.059Z] <<< [apiv2][status] GET https://firebase.googleapis.com/v1beta1/projects 200
[debug] [2026-06-01T15:41:58.060Z] <<< [apiv2][body] GET https://firebase.googleapis.com/v1beta1/projects [omitted]
[debug] [2026-06-01T15:41:58.062Z] <<< [apiv2][status] GET https://firebase.googleapis.com/v1beta1/projects 200
[debug] [2026-06-01T15:41:58.062Z] <<< [apiv2][body] GET https://firebase.googleapis.com/v1beta1/projects [omitted]
[info] [Firebase Plugin] Stopping SQL Connect toolkit
[warn] !  SQL Connect Emulator has exited upon receiving signal: SIGINT 
[debug] [2026-06-01T15:43:39.077Z] [Firebase Plugin] Activating Firebase extension.
[debug] [2026-06-01T15:43:42.200Z] [Firebase Plugin] requireAuthWrapper
[debug] [2026-06-01T15:43:42.203Z] > command requires scopes: ["email","openid","https://www.googleapis.com/auth/cloudplatformprojects.readonly","https://www.googleapis.com/auth/firebase","https://www.googleapis.com/auth/cloud-platform"]
[debug] [2026-06-01T15:43:42.203Z] > authorizing via signed-in user (harley.girlu2@gmail.com)
[debug] [2026-06-01T15:43:42.207Z] Checked if tokens are valid: true, expires at: 1780329688184
[debug] [2026-06-01T15:43:42.208Z] Checked if tokens are valid: true, expires at: 1780329688184
[debug] [2026-06-01T15:43:42.208Z] [Firebase Plugin] User found:  harley.girlu2@gmail.com
[info] [Firebase Plugin] (Core:Project) New user detected, fetching projects
[debug] [2026-06-01T15:43:42.210Z] Checked if tokens are valid: true, expires at: 1780329688184
[debug] [2026-06-01T15:43:42.211Z] >>> [apiv2][query] GET https://firebase.googleapis.com/v1beta1/projects pageSize=1000
[debug] [2026-06-01T15:43:42.223Z] [Firebase Plugin] VSCode notification server listening on port 40001
[info] [Firebase Plugin] Starting SQL Connect toolkit (version 3.4.9) on port 50001
[debug] [2026-06-01T15:43:42.799Z] I0601 12:43:42.786406   56056 control.go:100] [projects/emulator/locations/emulator/services/ethopipe fc15] UpdateResources(): done
Main schema: sources: schema\schema.gql [1992B] 
Connector "example": sources: example\mutations.gql [1243B] example\queries.gql [1801B] 
 {"metadata":{"emulator":{"name":"dataconnect"},"message":"I0601 12:43:42.786406   56056 control.go:100] [projects/emulator/locations/emulator/services/ethopipe fc15] UpdateResources(): done\nMain schema: sources: schema\\schema.gql [1992B] \nConnector \"example\": sources: example\\mutations.gql [1243B] example\\queries.gql [1801B] \n"}}
[debug] [2026-06-01T15:43:42.800Z] Ignoring unsupported arg: auto_download {"metadata":{"emulator":{"name":"dataconnect"},"message":"Ignoring unsupported arg: auto_download"}}
[debug] [2026-06-01T15:43:42.800Z] Ignoring unsupported arg: port {"metadata":{"emulator":{"name":"dataconnect"},"message":"Ignoring unsupported arg: port"}}
[debug] [2026-06-01T15:43:42.800Z] Starting SQL Connect Emulator with command {"binary":"C:\\Users\\alice\\.cache\\firebase\\emulators\\dataconnect-emulator-3.4.9.exe","args":["--logtostderr","-v=2","dev","--listen=localhost:50001","--config_dir=c:\\Developer\\ethopipe\\dataconnect","--enable_output_schema_extensions=true","--enable_output_generated_sdk=true"],"optionalArgs":["listen","config_dir","enable_output_schema_extensions","enable_output_generated_sdk"],"joinArgs":true,"shell":false,"port":9399} {"metadata":{"emulator":{"name":"dataconnect"},"message":"Starting SQL Connect Emulator with command {\"binary\":\"C:\\\\Users\\\\alice\\\\.cache\\\\firebase\\\\emulators\\\\dataconnect-emulator-3.4.9.exe\",\"args\":[\"--logtostderr\",\"-v=2\",\"dev\",\"--listen=localhost:50001\",\"--config_dir=c:\\\\Developer\\\\ethopipe\\\\dataconnect\",\"--enable_output_schema_extensions=true\",\"--enable_output_generated_sdk=true\"],\"optionalArgs\":[\"listen\",\"config_dir\",\"enable_output_schema_extensions\",\"enable_output_generated_sdk\"],\"joinArgs\":true,\"shell\":false,\"port\":9399}"}}
[info] i  dataconnect: SQL Connect Emulator logging to dataconnect-debug.log {"metadata":{"emulator":{"name":"dataconnect"},"message":"SQL Connect Emulator logging to \u001b[1mdataconnect-debug.log\u001b[22m"}}
[debug] [2026-06-01T15:43:42.855Z] I0601 12:43:42.837419   70192 load.go:31] Reloading schema and connectors...
 {"metadata":{"emulator":{"name":"dataconnect"},"message":"I0601 12:43:42.837419   70192 load.go:31] Reloading schema and connectors...\n"}}
[debug] [2026-06-01T15:43:42.863Z] I0601 12:43:42.856845   70192 control.go:100] [projects/emulator/locations/emulator/services/ethopipe 71b1] UpdateResources(): done
Main schema: sources: schema\schema.gql [1992B] 
Connector "example": sources: example\mutations.gql [1243B] example\queries.gql [1801B] 
 {"metadata":{"emulator":{"name":"dataconnect"},"message":"I0601 12:43:42.856845   70192 control.go:100] [projects/emulator/locations/emulator/services/ethopipe 71b1] UpdateResources(): done\nMain schema: sources: schema\\schema.gql [1992B] \nConnector \"example\": sources: example\\mutations.gql [1243B] example\\queries.gql [1801B] \n"}}
[debug] [2026-06-01T15:43:42.898Z] I0601 12:43:42.889918   70192 collector.go:107] schema extensions wrote into "c:\\Developer\\ethopipe\\dataconnect\\.dataconnect\\schema"
Generated sources: prelude.gql [84995B] main\implicit.gql [1261B] main\input.gql [29168B] main\relation.gql [14318B] main\query.gql [5099B] main\mutation.gql [13679B] 
I0601 12:43:42.889918   70192 load.go:109] Finished reloading
 {"metadata":{"emulator":{"name":"dataconnect"},"message":"I0601 12:43:42.889918   70192 collector.go:107] schema extensions wrote into \"c:\\\\Developer\\\\ethopipe\\\\dataconnect\\\\.dataconnect\\\\schema\"\nGenerated sources: prelude.gql [84995B] main\\implicit.gql [1261B] main\\input.gql [29168B] main\\relation.gql [14318B] main\\query.gql [5099B] main\\mutation.gql [13679B] \nI0601 12:43:42.889918   70192 load.go:109] Finished reloading\n"}}
[debug] [2026-06-01T15:43:42.933Z] I0601 12:43:42.914504   70192 dev.go:104] Listening on address (HTTP + gRPC): 127.0.0.1:50001
 {"metadata":{"emulator":{"name":"dataconnect"},"message":"I0601 12:43:42.914504   70192 dev.go:104] Listening on address (HTTP + gRPC): 127.0.0.1:50001\n"}}
[debug] [2026-06-01T15:43:43.413Z] <<< [apiv2][status] GET https://firebase.googleapis.com/v1beta1/projects 200
[debug] [2026-06-01T15:43:43.413Z] <<< [apiv2][body] GET https://firebase.googleapis.com/v1beta1/projects [omitted]
[debug] [2026-06-01T15:43:43.556Z] I0601 12:43:43.555682   70192 engine.go:209] [projects/emulator/locations/emulator/services/ethopipe 71b1] ExecuteGraphqlRead query IntrospectionQuery: succeeded. 
 {"metadata":{"emulator":{"name":"dataconnect"},"message":"I0601 12:43:43.555682   70192 engine.go:209] [projects/emulator/locations/emulator/services/ethopipe 71b1] ExecuteGraphqlRead query IntrospectionQuery: succeeded. \n"}}
[debug] [2026-06-01T16:24:36.449Z] [Firebase Plugin] Activating Firebase extension.
[debug] [2026-06-01T16:24:40.247Z] [Firebase Plugin] requireAuthWrapper
[debug] [2026-06-01T16:24:40.249Z] > command requires scopes: ["email","openid","https://www.googleapis.com/auth/cloudplatformprojects.readonly","https://www.googleapis.com/auth/firebase","https://www.googleapis.com/auth/cloud-platform"]
[debug] [2026-06-01T16:24:40.250Z] > authorizing via signed-in user (harley.girlu2@gmail.com)
[debug] [2026-06-01T16:24:40.253Z] Checked if tokens are valid: false, expires at: 1780329688184
[debug] [2026-06-01T16:24:40.254Z] Checked if tokens are valid: false, expires at: 1780329688184
[debug] [2026-06-01T16:24:40.254Z] > refreshing access token with scopes: []
[debug] [2026-06-01T16:24:40.256Z] >>> [apiv2][query] POST https://www.googleapis.com/oauth2/v3/token [none]
[debug] [2026-06-01T16:24:40.257Z] >>> [apiv2][body] POST https://www.googleapis.com/oauth2/v3/token [omitted]
[debug] [2026-06-01T16:24:40.275Z] [Firebase Plugin] VSCode notification server listening on port 40001
[info] [Firebase Plugin] Starting SQL Connect toolkit (version 3.4.9) on port 50001
[debug] [2026-06-01T16:24:59.349Z] I0601 13:24:59.331510   43740 control.go:100] [projects/emulator/locations/emulator/services/ethopipe 48bc] UpdateResources(): done
Main schema: sources: schema\schema.gql [1992B] 
Connector "example": sources: example\mutations.gql [1243B] example\queries.gql [1801B] 
 {"metadata":{"emulator":{"name":"dataconnect"},"message":"I0601 13:24:59.331510   43740 control.go:100] [projects/emulator/locations/emulator/services/ethopipe 48bc] UpdateResources(): done\nMain schema: sources: schema\\schema.gql [1992B] \nConnector \"example\": sources: example\\mutations.gql [1243B] example\\queries.gql [1801B] \n"}}
[debug] [2026-06-01T16:24:59.350Z] Ignoring unsupported arg: auto_download {"metadata":{"emulator":{"name":"dataconnect"},"message":"Ignoring unsupported arg: auto_download"}}
[debug] [2026-06-01T16:24:59.350Z] Ignoring unsupported arg: port {"metadata":{"emulator":{"name":"dataconnect"},"message":"Ignoring unsupported arg: port"}}
[debug] [2026-06-01T16:24:59.351Z] Starting SQL Connect Emulator with command {"binary":"C:\\Users\\alice\\.cache\\firebase\\emulators\\dataconnect-emulator-3.4.9.exe","args":["--logtostderr","-v=2","dev","--listen=localhost:50001","--config_dir=c:\\Developer\\ethopipe\\dataconnect","--enable_output_schema_extensions=true","--enable_output_generated_sdk=true"],"optionalArgs":["listen","config_dir","enable_output_schema_extensions","enable_output_generated_sdk"],"joinArgs":true,"shell":false,"port":9399} {"metadata":{"emulator":{"name":"dataconnect"},"message":"Starting SQL Connect Emulator with command {\"binary\":\"C:\\\\Users\\\\alice\\\\.cache\\\\firebase\\\\emulators\\\\dataconnect-emulator-3.4.9.exe\",\"args\":[\"--logtostderr\",\"-v=2\",\"dev\",\"--listen=localhost:50001\",\"--config_dir=c:\\\\Developer\\\\ethopipe\\\\dataconnect\",\"--enable_output_schema_extensions=true\",\"--enable_output_generated_sdk=true\"],\"optionalArgs\":[\"listen\",\"config_dir\",\"enable_output_schema_extensions\",\"enable_output_generated_sdk\"],\"joinArgs\":true,\"shell\":false,\"port\":9399}"}}
[info] i  dataconnect: SQL Connect Emulator logging to dataconnect-debug.log {"metadata":{"emulator":{"name":"dataconnect"},"message":"SQL Connect Emulator logging to \u001b[1mdataconnect-debug.log\u001b[22m"}}
[debug] [2026-06-01T16:24:59.561Z] I0601 13:24:59.450653   44904 load.go:31] Reloading schema and connectors...
 {"metadata":{"emulator":{"name":"dataconnect"},"message":"I0601 13:24:59.450653   44904 load.go:31] Reloading schema and connectors...\n"}}
[debug] [2026-06-01T16:24:59.573Z] I0601 13:24:59.566481   44904 control.go:100] [projects/emulator/locations/emulator/services/ethopipe b199] UpdateResources(): done
Main schema: sources: schema\schema.gql [1992B] 
Connector "example": sources: example\mutations.gql [1243B] example\queries.gql [1801B] 
 {"metadata":{"emulator":{"name":"dataconnect"},"message":"I0601 13:24:59.566481   44904 control.go:100] [projects/emulator/locations/emulator/services/ethopipe b199] UpdateResources(): done\nMain schema: sources: schema\\schema.gql [1992B] \nConnector \"example\": sources: example\\mutations.gql [1243B] example\\queries.gql [1801B] \n"}}
[debug] [2026-06-01T16:24:59.742Z] I0601 13:24:59.664073   44904 collector.go:107] schema extensions wrote into "c:\\Developer\\ethopipe\\dataconnect\\.dataconnect\\schema"
Generated sources: main\relation.gql [14318B] main\query.gql [5099B] main\mutation.gql [13679B] main\implicit.gql [1261B] main\input.gql [29168B] prelude.gql [84995B] 
I0601 13:24:59.675109   44904 load.go:109] Finished reloading
I0601 13:24:59.736208   44904 dev.go:104] Listening on address (HTTP + gRPC): 127.0.0.1:50001
 {"metadata":{"emulator":{"name":"dataconnect"},"message":"I0601 13:24:59.664073   44904 collector.go:107] schema extensions wrote into \"c:\\\\Developer\\\\ethopipe\\\\dataconnect\\\\.dataconnect\\\\schema\"\nGenerated sources: main\\relation.gql [14318B] main\\query.gql [5099B] main\\mutation.gql [13679B] main\\implicit.gql [1261B] main\\input.gql [29168B] prelude.gql [84995B] \nI0601 13:24:59.675109   44904 load.go:109] Finished reloading\nI0601 13:24:59.736208   44904 dev.go:104] Listening on address (HTTP + gRPC): 127.0.0.1:50001\n"}}
[debug] [2026-06-01T16:24:59.841Z] <<< [apiv2][status] POST https://www.googleapis.com/oauth2/v3/token 200
[debug] [2026-06-01T16:24:59.841Z] <<< [apiv2][body] POST https://www.googleapis.com/oauth2/v3/token [omitted]
[debug] [2026-06-01T16:24:59.883Z] [Firebase Plugin] User found:  harley.girlu2@gmail.com
[info] [Firebase Plugin] (Core:Project) New user detected, fetching projects
[debug] [2026-06-01T16:24:59.885Z] Checked if tokens are valid: true, expires at: 1780334698842
[debug] [2026-06-01T16:24:59.886Z] >>> [apiv2][query] GET https://firebase.googleapis.com/v1beta1/projects pageSize=1000
[debug] [2026-06-01T16:25:01.076Z] I0601 13:25:00.432584   44904 engine.go:209] [projects/emulator/locations/emulator/services/ethopipe b199] ExecuteGraphqlRead query IntrospectionQuery: succeeded. 
 {"metadata":{"emulator":{"name":"dataconnect"},"message":"I0601 13:25:00.432584   44904 engine.go:209] [projects/emulator/locations/emulator/services/ethopipe b199] ExecuteGraphqlRead query IntrospectionQuery: succeeded. \n"}}
[debug] [2026-06-01T16:25:01.270Z] <<< [apiv2][status] GET https://firebase.googleapis.com/v1beta1/projects 200
[debug] [2026-06-01T16:25:01.270Z] <<< [apiv2][body] GET https://firebase.googleapis.com/v1beta1/projects [omitted]
[info] [Firebase Plugin] Stopping SQL Connect toolkit
[warn] !  SQL Connect Emulator has exited upon receiving signal: SIGINT 
[debug] [2026-06-01T16:45:02.888Z] [Firebase Plugin] Activating Firebase extension.
[info] [Firebase Plugin] Checked firebase-tools, is up to date!
[debug] [2026-06-01T16:45:07.436Z] [Firebase Plugin] requireAuthWrapper
[debug] [2026-06-01T16:45:07.439Z] > command requires scopes: ["email","openid","https://www.googleapis.com/auth/cloudplatformprojects.readonly","https://www.googleapis.com/auth/firebase","https://www.googleapis.com/auth/cloud-platform"]
[debug] [2026-06-01T16:45:07.440Z] > authorizing via signed-in user (harley.girlu2@gmail.com)
[debug] [2026-06-01T16:45:07.443Z] Checked if tokens are valid: true, expires at: 1780334698842
[debug] [2026-06-01T16:45:07.443Z] Checked if tokens are valid: true, expires at: 1780334698842
[debug] [2026-06-01T16:45:07.444Z] [Firebase Plugin] User found:  harley.girlu2@gmail.com
[info] [Firebase Plugin] (Core:Project) New user detected, fetching projects
[debug] [2026-06-01T16:45:07.446Z] Checked if tokens are valid: true, expires at: 1780334698842
[debug] [2026-06-01T16:45:07.447Z] >>> [apiv2][query] GET https://firebase.googleapis.com/v1beta1/projects pageSize=1000
[debug] [2026-06-01T16:45:07.461Z] [Firebase Plugin] VSCode notification server listening on port 40001
[info] [Firebase Plugin] Starting SQL Connect toolkit (version 3.4.9) on port 50001
[debug] [2026-06-01T16:45:25.660Z] I0601 13:45:25.639633   45720 control.go:100] [projects/emulator/locations/emulator/services/ethopipe 636c] UpdateResources(): done
Main schema: sources: schema\schema.gql [1992B] 
Connector "example": sources: example\mutations.gql [1243B] example\queries.gql [1801B] 
 {"metadata":{"emulator":{"name":"dataconnect"},"message":"I0601 13:45:25.639633   45720 control.go:100] [projects/emulator/locations/emulator/services/ethopipe 636c] UpdateResources(): done\nMain schema: sources: schema\\schema.gql [1992B] \nConnector \"example\": sources: example\\mutations.gql [1243B] example\\queries.gql [1801B] \n"}}
[debug] [2026-06-01T16:45:25.661Z] Ignoring unsupported arg: auto_download {"metadata":{"emulator":{"name":"dataconnect"},"message":"Ignoring unsupported arg: auto_download"}}
[debug] [2026-06-01T16:45:25.661Z] Ignoring unsupported arg: port {"metadata":{"emulator":{"name":"dataconnect"},"message":"Ignoring unsupported arg: port"}}
[debug] [2026-06-01T16:45:25.662Z] Starting SQL Connect Emulator with command {"binary":"C:\\Users\\alice\\.cache\\firebase\\emulators\\dataconnect-emulator-3.4.9.exe","args":["--logtostderr","-v=2","dev","--listen=localhost:50001","--config_dir=c:\\Developer\\ethopipe\\dataconnect","--enable_output_schema_extensions=true","--enable_output_generated_sdk=true"],"optionalArgs":["listen","config_dir","enable_output_schema_extensions","enable_output_generated_sdk"],"joinArgs":true,"shell":false,"port":9399} {"metadata":{"emulator":{"name":"dataconnect"},"message":"Starting SQL Connect Emulator with command {\"binary\":\"C:\\\\Users\\\\alice\\\\.cache\\\\firebase\\\\emulators\\\\dataconnect-emulator-3.4.9.exe\",\"args\":[\"--logtostderr\",\"-v=2\",\"dev\",\"--listen=localhost:50001\",\"--config_dir=c:\\\\Developer\\\\ethopipe\\\\dataconnect\",\"--enable_output_schema_extensions=true\",\"--enable_output_generated_sdk=true\"],\"optionalArgs\":[\"listen\",\"config_dir\",\"enable_output_schema_extensions\",\"enable_output_generated_sdk\"],\"joinArgs\":true,\"shell\":false,\"port\":9399}"}}
[info] i  dataconnect: SQL Connect Emulator logging to dataconnect-debug.log {"metadata":{"emulator":{"name":"dataconnect"},"message":"SQL Connect Emulator logging to \u001b[1mdataconnect-debug.log\u001b[22m"}}
[debug] [2026-06-01T16:45:31.323Z] I0601 13:45:25.718692   47368 load.go:31] Reloading schema and connectors...
I0601 13:45:25.763769   47368 control.go:100] [projects/emulator/locations/emulator/services/ethopipe a2b6] UpdateResources(): done
Main schema: sources: schema\schema.gql [1992B] 
Connector "example": sources: example\mutations.gql [1243B] example\queries.gql [1801B] 
I0601 13:45:25.803840   47368 collector.go:107] schema extensions wrote into "c:\\Developer\\ethopipe\\dataconnect\\.dataconnect\\schema"
Generated sources: main\mutation.gql [13679B] prelude.gql [84995B] main\implicit.gql [1261B] main\input.gql [29168B] main\relation.gql [14318B] main\query.gql [5099B] 
I0601 13:45:25.803840   47368 load.go:109] Finished reloading
I0601 13:45:25.828860   47368 dev.go:104] Listening on address (HTTP + gRPC): 127.0.0.1:50001
 {"metadata":{"emulator":{"name":"dataconnect"},"message":"I0601 13:45:25.718692   47368 load.go:31] Reloading schema and connectors...\nI0601 13:45:25.763769   47368 control.go:100] [projects/emulator/locations/emulator/services/ethopipe a2b6] UpdateResources(): done\nMain schema: sources: schema\\schema.gql [1992B] \nConnector \"example\": sources: example\\mutations.gql [1243B] example\\queries.gql [1801B] \nI0601 13:45:25.803840   47368 collector.go:107] schema extensions wrote into \"c:\\\\Developer\\\\ethopipe\\\\dataconnect\\\\.dataconnect\\\\schema\"\nGenerated sources: main\\mutation.gql [13679B] prelude.gql [84995B] main\\implicit.gql [1261B] main\\input.gql [29168B] main\\relation.gql [14318B] main\\query.gql [5099B] \nI0601 13:45:25.803840   47368 load.go:109] Finished reloading\nI0601 13:45:25.828860   47368 dev.go:104] Listening on address (HTTP + gRPC): 127.0.0.1:50001\n"}}
[debug] [2026-06-01T16:45:32.054Z] <<< [apiv2][status] GET https://firebase.googleapis.com/v1beta1/projects 200
[debug] [2026-06-01T16:45:32.055Z] <<< [apiv2][body] GET https://firebase.googleapis.com/v1beta1/projects [omitted]
[debug] [2026-06-01T16:45:32.445Z] I0601 13:45:32.426948   47368 engine.go:209] [projects/emulator/locations/emulator/services/ethopipe a2b6] ExecuteGraphqlRead query IntrospectionQuery: succeeded. 
 {"metadata":{"emulator":{"name":"dataconnect"},"message":"I0601 13:45:32.426948   47368 engine.go:209] [projects/emulator/locations/emulator/services/ethopipe a2b6] ExecuteGraphqlRead query IntrospectionQuery: succeeded. \n"}}
[info] [Firebase Plugin] Stopping SQL Connect toolkit
[warn] !  SQL Connect Emulator has exited upon receiving signal: SIGINT 
[debug] [2026-06-01T16:46:23.269Z] [Firebase Plugin] Activating Firebase extension.
[info] [Firebase Plugin] Checked firebase-tools, is up to date!
[debug] [2026-06-01T16:46:26.133Z] [Firebase Plugin] requireAuthWrapper
[debug] [2026-06-01T16:46:26.136Z] > command requires scopes: ["email","openid","https://www.googleapis.com/auth/cloudplatformprojects.readonly","https://www.googleapis.com/auth/firebase","https://www.googleapis.com/auth/cloud-platform"]
[debug] [2026-06-01T16:46:26.136Z] > authorizing via signed-in user (harley.girlu2@gmail.com)
[debug] [2026-06-01T16:46:26.139Z] Checked if tokens are valid: true, expires at: 1780334698842
[debug] [2026-06-01T16:46:26.140Z] Checked if tokens are valid: true, expires at: 1780334698842
[debug] [2026-06-01T16:46:26.140Z] [Firebase Plugin] User found:  harley.girlu2@gmail.com
[info] [Firebase Plugin] (Core:Project) New user detected, fetching projects
[debug] [2026-06-01T16:46:26.141Z] Checked if tokens are valid: true, expires at: 1780334698842
[debug] [2026-06-01T16:46:26.143Z] >>> [apiv2][query] GET https://firebase.googleapis.com/v1beta1/projects pageSize=1000
[debug] [2026-06-01T16:46:26.155Z] [Firebase Plugin] VSCode notification server listening on port 40001
[info] [Firebase Plugin] Starting SQL Connect toolkit (version 3.4.9) on port 50001
[debug] [2026-06-01T16:46:26.782Z] I0601 13:46:26.764983   11232 control.go:100] [projects/emulator/locations/emulator/services/ethopipe 66e0] UpdateResources(): done
Main schema: sources: schema\schema.gql [1992B] 
Connector "example": sources: example\mutations.gql [1243B] example\queries.gql [1801B] 
 {"metadata":{"emulator":{"name":"dataconnect"},"message":"I0601 13:46:26.764983   11232 control.go:100] [projects/emulator/locations/emulator/services/ethopipe 66e0] UpdateResources(): done\nMain schema: sources: schema\\schema.gql [1992B] \nConnector \"example\": sources: example\\mutations.gql [1243B] example\\queries.gql [1801B] \n"}}
[debug] [2026-06-01T16:46:26.784Z] Ignoring unsupported arg: auto_download {"metadata":{"emulator":{"name":"dataconnect"},"message":"Ignoring unsupported arg: auto_download"}}
[debug] [2026-06-01T16:46:26.784Z] Ignoring unsupported arg: port {"metadata":{"emulator":{"name":"dataconnect"},"message":"Ignoring unsupported arg: port"}}
[debug] [2026-06-01T16:46:26.784Z] Starting SQL Connect Emulator with command {"binary":"C:\\Users\\alice\\.cache\\firebase\\emulators\\dataconnect-emulator-3.4.9.exe","args":["--logtostderr","-v=2","dev","--listen=localhost:50001","--config_dir=c:\\Developer\\ethopipe\\dataconnect","--enable_output_schema_extensions=true","--enable_output_generated_sdk=true"],"optionalArgs":["listen","config_dir","enable_output_schema_extensions","enable_output_generated_sdk"],"joinArgs":true,"shell":false,"port":9399} {"metadata":{"emulator":{"name":"dataconnect"},"message":"Starting SQL Connect Emulator with command {\"binary\":\"C:\\\\Users\\\\alice\\\\.cache\\\\firebase\\\\emulators\\\\dataconnect-emulator-3.4.9.exe\",\"args\":[\"--logtostderr\",\"-v=2\",\"dev\",\"--listen=localhost:50001\",\"--config_dir=c:\\\\Developer\\\\ethopipe\\\\dataconnect\",\"--enable_output_schema_extensions=true\",\"--enable_output_generated_sdk=true\"],\"optionalArgs\":[\"listen\",\"config_dir\",\"enable_output_schema_extensions\",\"enable_output_generated_sdk\"],\"joinArgs\":true,\"shell\":false,\"port\":9399}"}}
[info] i  dataconnect: SQL Connect Emulator logging to dataconnect-debug.log {"metadata":{"emulator":{"name":"dataconnect"},"message":"SQL Connect Emulator logging to \u001b[1mdataconnect-debug.log\u001b[22m"}}
[debug] [2026-06-01T16:46:26.881Z] I0601 13:46:26.844570   44272 load.go:31] Reloading schema and connectors...
I0601 13:46:26.868603   44272 control.go:100] [projects/emulator/locations/emulator/services/ethopipe 1971] UpdateResources(): done
Main schema: sources: schema\schema.gql [1992B] 
Connector "example": sources: example\mutations.gql [1243B] example\queries.gql [1801B] 
 {"metadata":{"emulator":{"name":"dataconnect"},"message":"I0601 13:46:26.844570   44272 load.go:31] Reloading schema and connectors...\nI0601 13:46:26.868603   44272 control.go:100] [projects/emulator/locations/emulator/services/ethopipe 1971] UpdateResources(): done\nMain schema: sources: schema\\schema.gql [1992B] \nConnector \"example\": sources: example\\mutations.gql [1243B] example\\queries.gql [1801B] \n"}}
[debug] [2026-06-01T16:46:26.906Z] I0601 13:46:26.894029   44272 collector.go:107] schema extensions wrote into "c:\\Developer\\ethopipe\\dataconnect\\.dataconnect\\schema"
Generated sources: main\query.gql [5099B] main\mutation.gql [13679B] prelude.gql [84995B] main\implicit.gql [1261B] main\input.gql [29168B] main\relation.gql [14318B] 
I0601 13:46:26.894029   44272 load.go:109] Finished reloading
 {"metadata":{"emulator":{"name":"dataconnect"},"message":"I0601 13:46:26.894029   44272 collector.go:107] schema extensions wrote into \"c:\\\\Developer\\\\ethopipe\\\\dataconnect\\\\.dataconnect\\\\schema\"\nGenerated sources: main\\query.gql [5099B] main\\mutation.gql [13679B] prelude.gql [84995B] main\\implicit.gql [1261B] main\\input.gql [29168B] main\\relation.gql [14318B] \nI0601 13:46:26.894029   44272 load.go:109] Finished reloading\n"}}
[debug] [2026-06-01T16:46:26.920Z] I0601 13:46:26.913064   44272 dev.go:104] Listening on address (HTTP + gRPC): 127.0.0.1:50001
 {"metadata":{"emulator":{"name":"dataconnect"},"message":"I0601 13:46:26.913064   44272 dev.go:104] Listening on address (HTTP + gRPC): 127.0.0.1:50001\n"}}
[debug] [2026-06-01T16:46:27.456Z] <<< [apiv2][status] GET https://firebase.googleapis.com/v1beta1/projects 200
[debug] [2026-06-01T16:46:27.457Z] <<< [apiv2][body] GET https://firebase.googleapis.com/v1beta1/projects [omitted]
[debug] [2026-06-01T16:46:27.559Z] I0601 13:46:27.558712   44272 engine.go:209] [projects/emulator/locations/emulator/services/ethopipe 1971] ExecuteGraphqlRead query IntrospectionQuery: succeeded. 
 {"metadata":{"emulator":{"name":"dataconnect"},"message":"I0601 13:46:27.558712   44272 engine.go:209] [projects/emulator/locations/emulator/services/ethopipe 1971] ExecuteGraphqlRead query IntrospectionQuery: succeeded. \n"}}
[info] [Firebase Plugin] Stopping SQL Connect toolkit
[warn] !  SQL Connect Emulator has exited upon receiving signal: SIGINT 
[debug] [2026-06-01T17:20:38.095Z] [Firebase Plugin] Activating Firebase extension.
[info] [Firebase Plugin] Checked firebase-tools, is up to date!
[debug] [2026-06-01T17:20:40.661Z] [Firebase Plugin] requireAuthWrapper
[debug] [2026-06-01T17:20:40.663Z] > command requires scopes: ["email","openid","https://www.googleapis.com/auth/cloudplatformprojects.readonly","https://www.googleapis.com/auth/firebase","https://www.googleapis.com/auth/cloud-platform"]
[debug] [2026-06-01T17:20:40.664Z] > authorizing via signed-in user (harley.girlu2@gmail.com)
[debug] [2026-06-01T17:20:40.666Z] Checked if tokens are valid: true, expires at: 1780337689901
[debug] [2026-06-01T17:20:40.667Z] Checked if tokens are valid: true, expires at: 1780337689901
[debug] [2026-06-01T17:20:40.667Z] [Firebase Plugin] User found:  harley.girlu2@gmail.com
[info] [Firebase Plugin] (Core:Project) New user detected, fetching projects
[debug] [2026-06-01T17:20:40.668Z] Checked if tokens are valid: true, expires at: 1780337689901
[debug] [2026-06-01T17:20:40.669Z] >>> [apiv2][query] GET https://firebase.googleapis.com/v1beta1/projects pageSize=1000
[info] [Firebase Plugin] Starting SQL Connect toolkit (version 3.4.9) on port 50001
[debug] [2026-06-01T17:20:41.217Z] I0601 14:20:41.197426   37848 control.go:100] [projects/emulator/locations/emulator/services/ethopipe 86f2] UpdateResources(): done
Main schema: sources: schema\schema.gql [1992B] 
Connector "example": sources: example\mutations.gql [1243B] example\queries.gql [1801B] 
 {"metadata":{"emulator":{"name":"dataconnect"},"message":"I0601 14:20:41.197426   37848 control.go:100] [projects/emulator/locations/emulator/services/ethopipe 86f2] UpdateResources(): done\nMain schema: sources: schema\\schema.gql [1992B] \nConnector \"example\": sources: example\\mutations.gql [1243B] example\\queries.gql [1801B] \n"}}
[debug] [2026-06-01T17:20:41.219Z] Ignoring unsupported arg: auto_download {"metadata":{"emulator":{"name":"dataconnect"},"message":"Ignoring unsupported arg: auto_download"}}
[debug] [2026-06-01T17:20:41.219Z] Ignoring unsupported arg: port {"metadata":{"emulator":{"name":"dataconnect"},"message":"Ignoring unsupported arg: port"}}
[debug] [2026-06-01T17:20:41.219Z] Starting SQL Connect Emulator with command {"binary":"C:\\Users\\alice\\.cache\\firebase\\emulators\\dataconnect-emulator-3.4.9.exe","args":["--logtostderr","-v=2","dev","--listen=localhost:50001","--config_dir=c:\\Developer\\ethopipe\\dataconnect","--enable_output_schema_extensions=true","--enable_output_generated_sdk=true"],"optionalArgs":["listen","config_dir","enable_output_schema_extensions","enable_output_generated_sdk"],"joinArgs":true,"shell":false,"port":9399} {"metadata":{"emulator":{"name":"dataconnect"},"message":"Starting SQL Connect Emulator with command {\"binary\":\"C:\\\\Users\\\\alice\\\\.cache\\\\firebase\\\\emulators\\\\dataconnect-emulator-3.4.9.exe\",\"args\":[\"--logtostderr\",\"-v=2\",\"dev\",\"--listen=localhost:50001\",\"--config_dir=c:\\\\Developer\\\\ethopipe\\\\dataconnect\",\"--enable_output_schema_extensions=true\",\"--enable_output_generated_sdk=true\"],\"optionalArgs\":[\"listen\",\"config_dir\",\"enable_output_schema_extensions\",\"enable_output_generated_sdk\"],\"joinArgs\":true,\"shell\":false,\"port\":9399}"}}
[info] i  dataconnect: SQL Connect Emulator logging to dataconnect-debug.log {"metadata":{"emulator":{"name":"dataconnect"},"message":"SQL Connect Emulator logging to \u001b[1mdataconnect-debug.log\u001b[22m"}}
[debug] [2026-06-01T17:20:41.324Z] I0601 14:20:41.287031   25964 load.go:31] Reloading schema and connectors...
 {"metadata":{"emulator":{"name":"dataconnect"},"message":"I0601 14:20:41.287031   25964 load.go:31] Reloading schema and connectors...\n"}}
[debug] [2026-06-01T17:20:41.347Z] I0601 14:20:41.334549   25964 control.go:100] [projects/emulator/locations/emulator/services/ethopipe 47c2] UpdateResources(): done
Main schema: sources: schema\schema.gql [1992B] 
Connector "example": sources: example\queries.gql [1801B] example\mutations.gql [1243B] 
 {"metadata":{"emulator":{"name":"dataconnect"},"message":"I0601 14:20:41.334549   25964 control.go:100] [projects/emulator/locations/emulator/services/ethopipe 47c2] UpdateResources(): done\nMain schema: sources: schema\\schema.gql [1992B] \nConnector \"example\": sources: example\\queries.gql [1801B] example\\mutations.gql [1243B] \n"}}
[debug] [2026-06-01T17:20:41.556Z] I0601 14:20:41.556404   25964 collector.go:107] schema extensions wrote into "c:\\Developer\\ethopipe\\dataconnect\\.dataconnect\\schema"
Generated sources: main\relation.gql [14318B] main\query.gql [5099B] main\mutation.gql [13679B] prelude.gql [84995B] main\implicit.gql [1261B] main\input.gql [29168B] 
 {"metadata":{"emulator":{"name":"dataconnect"},"message":"I0601 14:20:41.556404   25964 collector.go:107] schema extensions wrote into \"c:\\\\Developer\\\\ethopipe\\\\dataconnect\\\\.dataconnect\\\\schema\"\nGenerated sources: main\\relation.gql [14318B] main\\query.gql [5099B] main\\mutation.gql [13679B] prelude.gql [84995B] main\\implicit.gql [1261B] main\\input.gql [29168B] \n"}}
[debug] [2026-06-01T17:20:41.558Z] I0601 14:20:41.556404   25964 load.go:109] Finished reloading
 {"metadata":{"emulator":{"name":"dataconnect"},"message":"I0601 14:20:41.556404   25964 load.go:109] Finished reloading\n"}}
[debug] [2026-06-01T17:20:41.572Z] I0601 14:20:41.572402   25964 dev.go:104] Listening on address (HTTP + gRPC): 127.0.0.1:50001
 {"metadata":{"emulator":{"name":"dataconnect"},"message":"I0601 14:20:41.572402   25964 dev.go:104] Listening on address (HTTP + gRPC): 127.0.0.1:50001\n"}}
[debug] [2026-06-01T17:20:41.801Z] <<< [apiv2][status] GET https://firebase.googleapis.com/v1beta1/projects 200
[debug] [2026-06-01T17:20:41.801Z] <<< [apiv2][body] GET https://firebase.googleapis.com/v1beta1/projects [omitted]
[debug] [2026-06-01T17:20:42.125Z] I0601 14:20:42.125115   25964 engine.go:209] [projects/emulator/locations/emulator/services/ethopipe 47c2] ExecuteGraphqlRead query IntrospectionQuery: succeeded. 
 {"metadata":{"emulator":{"name":"dataconnect"},"message":"I0601 14:20:42.125115   25964 engine.go:209] [projects/emulator/locations/emulator/services/ethopipe 47c2] ExecuteGraphqlRead query IntrospectionQuery: succeeded. \n"}}
